Component: ARM Compiler 5.06 update 6 (build 750) Tool: armlink [4d35ed]

==============================================================================

Section Cross References

    startup_stm32f103xb.o(STACK) refers (Special) to heapauxi.o(.text) for __use_two_region_memory
    startup_stm32f103xb.o(HEAP) refers (Special) to heapauxi.o(.text) for __use_two_region_memory
    startup_stm32f103xb.o(RESET) refers (Special) to heapauxi.o(.text) for __use_two_region_memory
    startup_stm32f103xb.o(RESET) refers to startup_stm32f103xb.o(STACK) for __initial_sp
    startup_stm32f103xb.o(RESET) refers to startup_stm32f103xb.o(.text) for Reset_Handler
    startup_stm32f103xb.o(RESET) refers to stm32f1xx_it.o(i.NMI_Handler) for NMI_Handler
    startup_stm32f103xb.o(RESET) refers to stm32f1xx_it.o(i.HardFault_Handler) for HardFault_Handler
    startup_stm32f103xb.o(RESET) refers to stm32f1xx_it.o(i.MemManage_Handler) for MemManage_Handler
    startup_stm32f103xb.o(RESET) refers to stm32f1xx_it.o(i.BusFault_Handler) for BusFault_Handler
    startup_stm32f103xb.o(RESET) refers to stm32f1xx_it.o(i.UsageFault_Handler) for UsageFault_Handler
    startup_stm32f103xb.o(RESET) refers to port.o(.emb_text) for SVC_Handler
    startup_stm32f103xb.o(RESET) refers to stm32f1xx_it.o(i.DebugMon_Handler) for DebugMon_Handler
    startup_stm32f103xb.o(RESET) refers to port.o(i.SysTick_Handler) for SysTick_Handler
    startup_stm32f103xb.o(RESET) refers to stm32f1xx_it.o(i.TIM4_IRQHandler) for TIM4_IRQHandler
    startup_stm32f103xb.o(RESET) refers to stm32f1xx_it.o(i.USART1_IRQHandler) for USART1_IRQHandler
    startup_stm32f103xb.o(.text) refers (Special) to heapauxi.o(.text) for __use_two_region_memory
    startup_stm32f103xb.o(.text) refers to system_stm32f1xx.o(i.SystemInit) for SystemInit
    startup_stm32f103xb.o(.text) refers to __main.o(!!!main) for __main
    startup_stm32f103xb.o(.text) refers to startup_stm32f103xb.o(HEAP) for Heap_Mem
    startup_stm32f103xb.o(.text) refers to startup_stm32f103xb.o(STACK) for Stack_Mem
    main.o(i.ButtonTask) refers to tasks.o(i.vTaskSuspend) for vTaskSuspend
    main.o(i.ButtonTask) refers to noretval__2printf.o(.text) for __2printf
    main.o(i.DHTTask) refers to cmsis_os.o(i.osMailAlloc) for osMailAlloc
    main.o(i.DHTTask) refers to cmsis_os.o(i.osMailPut) for osMailPut
    main.o(i.DHTTask) refers to main.o(.data) for .data
    main.o(i.HAL_GPIO_EXTI_Callback) refers to tasks.o(i.xTaskResumeFromISR) for xTaskResumeFromISR
    main.o(i.HAL_GPIO_EXTI_Callback) refers to main.o(i.ButtonTask) for ButtonTask
    main.o(i.HAL_TIM_PeriodElapsedCallback) refers to stm32f1xx_hal.o(i.HAL_IncTick) for HAL_IncTick
    main.o(i.HAL_UART_RxCpltCallback) refers to stm32f1xx_hal_uart.o(i.HAL_UART_Receive_IT) for HAL_UART_Receive_IT
    main.o(i.HAL_UART_RxCpltCallback) refers to noretval__2printf.o(.text) for __2printf
    main.o(i.HAL_UART_RxCpltCallback) refers to tasks.o(i.xTaskResumeFromISR) for xTaskResumeFromISR
    main.o(i.HAL_UART_RxCpltCallback) refers to main.o(.data) for .data
    main.o(i.HAL_UART_RxCpltCallback) refers to main.o(.bss) for .bss
    main.o(i.HAL_UART_RxCpltCallback) refers to main.o(i.UARTTask) for UARTTask
    main.o(i.HCSR04Task) refers to cmsis_os.o(i.osMailAlloc) for osMailAlloc
    main.o(i.HCSR04Task) refers to cmsis_os.o(i.osMailPut) for osMailPut
    main.o(i.HCSR04Task) refers to main.o(.data) for .data
    main.o(i.LCDTask) refers to cmsis_os.o(i.osMailGet) for osMailGet
    main.o(i.LCDTask) refers to cmsis_os.o(i.osMailFree) for osMailFree
    main.o(i.LCDTask) refers to main.o(.data) for .data
    main.o(i.SystemClock_Config) refers to rt_memclr_w.o(.text) for __aeabi_memclr4
    main.o(i.SystemClock_Config) refers to stm32f1xx_hal_rcc.o(i.HAL_RCC_OscConfig) for HAL_RCC_OscConfig
    main.o(i.SystemClock_Config) refers to stm32f1xx_hal_rcc.o(i.HAL_RCC_ClockConfig) for HAL_RCC_ClockConfig
    main.o(i.UARTTask) refers to cmsis_os.o(i.osMailAlloc) for osMailAlloc
    main.o(i.UARTTask) refers to tasks.o(i.vTaskSuspend) for vTaskSuspend
    main.o(i.UARTTask) refers to cmsis_os.o(i.osMailPut) for osMailPut
    main.o(i.UARTTask) refers to main.o(.data) for .data
    main.o(i.Uart_ThresholdTask) refers to _printf_percent.o(.ARM.Collect$$_printf_percent$$00000000) for _printf_percent
    main.o(i.Uart_ThresholdTask) refers to _printf_d.o(.ARM.Collect$$_printf_percent$$00000009) for _printf_d
    main.o(i.Uart_ThresholdTask) refers to _printf_dec.o(.text) for _printf_int_dec
    main.o(i.Uart_ThresholdTask) refers to cmsis_os.o(i.osMailGet) for osMailGet
    main.o(i.Uart_ThresholdTask) refers to cmsis_os.o(i.osMailFree) for osMailFree
    main.o(i.Uart_ThresholdTask) refers to tasks.o(i.xTaskGetTickCount) for xTaskGetTickCount
    main.o(i.Uart_ThresholdTask) refers to rt_memclr_w.o(.text) for __aeabi_memclr4
    main.o(i.Uart_ThresholdTask) refers to noretval__2sprintf.o(.text) for __2sprintf
[...]
    i.HAL_TIM_Base_Start_IT                  0x080018e8   Section        0  stm32f1xx_hal_tim.o(i.HAL_TIM_Base_Start_IT)
    i.HAL_TIM_IC_CaptureCallback             0x08001940   Section        0  stm32f1xx_hal_tim.o(i.HAL_TIM_IC_CaptureCallback)
    i.HAL_TIM_IRQHandler                     0x08001942   Section        0  stm32f1xx_hal_tim.o(i.HAL_TIM_IRQHandler)
    i.HAL_TIM_OC_DelayElapsedCallback        0x08001aa8   Section        0  stm32f1xx_hal_tim.o(i.HAL_TIM_OC_DelayElapsedCallback)
    i.HAL_TIM_PWM_PulseFinishedCallback      0x08001aaa   Section        0  stm32f1xx_hal_tim.o(i.HAL_TIM_PWM_PulseFinishedCallback)
    i.HAL_TIM_PeriodElapsedCallback          0x08001aac   Section        0  main.o(i.HAL_TIM_PeriodElapsedCallback)
    i.HAL_TIM_TriggerCallback                0x08001ac0   Section        0  stm32f1xx_hal_tim.o(i.HAL_TIM_TriggerCallback)
    i.HAL_UARTEx_RxEventCallback             0x08001ac2   Section        0  stm32f1xx_hal_uart.o(i.HAL_UARTEx_RxEventCallback)
    i.HAL_UART_ErrorCallback                 0x08001ac4   Section        0  stm32f1xx_hal_uart.o(i.HAL_UART_ErrorCallback)
    i.HAL_UART_IRQHandler                    0x08001ac8   Section        0  stm32f1xx_hal_uart.o(i.HAL_UART_IRQHandler)
    i.HAL_UART_Init                          0x08001cd4   Section        0  stm32f1xx_hal_uart.o(i.HAL_UART_Init)
    i.HAL_UART_MspInit                       0x08001d38   Section        0  stm32f1xx_hal_msp.o(i.HAL_UART_MspInit)
    i.HAL_UART_Receive_IT                    0x08001db8   Section        0  stm32f1xx_hal_uart.o(i.HAL_UART_Receive_IT)
    i.HAL_UART_RxCpltCallback                0x08001de4   Section        0  main.o(i.HAL_UART_RxCpltCallback)
    i.HAL_UART_Transmit                      0x08001e40   Section        0  stm32f1xx_hal_uart.o(i.HAL_UART_Transmit)
    i.HAL_UART_TxCpltCallback                0x08001ef2   Section        0  stm32f1xx_hal_uart.o(i.HAL_UART_TxCpltCallback)
    i.HCSR04Task                             0x08001ef4   Section        0  main.o(i.HCSR04Task)
    i.HardFault_Handler                      0x08001f38   Section        0  stm32f1xx_it.o(i.HardFault_Handler)
    i.LCDTask                                0x08001f3c   Section        0  main.o(i.LCDTask)
    i.MemManage_Handler                      0x08001f60   Section        0  stm32f1xx_it.o(i.MemManage_Handler)
    i.NMI_Handler                            0x08001f62   Section        0  stm32f1xx_it.o(i.NMI_Handler)
    i.SysTick_Handler                        0x08001f64   Section        0  port.o(i.SysTick_Handler)
    i.SystemClock_Config                     0x08001f90   Section        0  main.o(i.SystemClock_Config)
    i.SystemInit                             0x08001fee   Section        0  system_stm32f1xx.o(i.SystemInit)
    i.TIM4_IRQHandler                        0x08001ff0   Section        0  stm32f1xx_it.o(i.TIM4_IRQHandler)
    i.TIM_Base_SetConfig                     0x08001ffc   Section        0  stm32f1xx_hal_tim.o(i.TIM_Base_SetConfig)
    i.UARTTask                               0x08002068   Section        0  main.o(i.UARTTask)
    i.UART_DMAAbortOnError                   0x08002098   Section        0  stm32f1xx_hal_uart.o(i.UART_DMAAbortOnError)
    UART_DMAAbortOnError                     0x08002099   Thumb Code    16  stm32f1xx_hal_uart.o(i.UART_DMAAbortOnError)
    i.UART_EndRxTransfer                     0x080020a8   Section        0  stm32f1xx_hal_uart.o(i.UART_EndRxTransfer)
    UART_EndRxTransfer                       0x080020a9   Thumb Code    48  stm32f1xx_hal_uart.o(i.UART_EndRxTransfer)
    i.UART_Receive_IT                        0x080020d8   Section        0  stm32f1xx_hal_uart.o(i.UART_Receive_IT)
    UART_Receive_IT                          0x080020d9   Thumb Code   182  stm32f1xx_hal_uart.o(i.UART_Receive_IT)
    i.UART_SetConfig                         0x08002190   Section        0  stm32f1xx_hal_uart.o(i.UART_SetConfig)
    UART_SetConfig                           0x08002191   Thumb Code   178  stm32f1xx_hal_uart.o(i.UART_SetConfig)
    i.UART_Start_Receive_IT                  0x08002248   Section        0  stm32f1xx_hal_uart.o(i.UART_Start_Receive_IT)
    i.UART_WaitOnFlagUntilTimeout            0x0800227e   Section        0  stm32f1xx_hal_uart.o(i.UART_WaitOnFlagUntilTimeout)
    UART_WaitOnFlagUntilTimeout              0x0800227f   Thumb Code   100  stm32f1xx_hal_uart.o(i.UART_WaitOnFlagUntilTimeout)
    i.USART1_IRQHandler                      0x080022e4   Section        0  stm32f1xx_it.o(i.USART1_IRQHandler)
    i.Uart_ThresholdTask                     0x080022f0   Section        0  main.o(i.Uart_ThresholdTask)
    i.UsageFault_Handler                     0x080023c8   Section        0  stm32f1xx_it.o(i.UsageFault_Handler)
    i.__NVIC_SetPriority                     0x080023ca   Section        0  stm32f1xx_hal_cortex.o(i.__NVIC_SetPriority)
    __NVIC_SetPriority                       0x080023cb   Thumb Code    32  stm32f1xx_hal_cortex.o(i.__NVIC_SetPriority)
    i.fputc                                  0x080023ec   Section        0  main.o(i.fputc)
    i.inHandlerMode                          0x08002404   Section        0  cmsis_os.o(i.inHandlerMode)
    inHandlerMode                            0x08002405   Thumb Code    12  cmsis_os.o(i.inHandlerMode)
    i.main                                   0x08002410   Section        0  main.o(i.main)
    i.makeFreeRtosPriority                   0x08002550   Section        0  cmsis_os.o(i.makeFreeRtosPriority)
    makeFreeRtosPriority                     0x08002551   Thumb Code    12  cmsis_os.o(i.makeFreeRtosPriority)
    i.osKernelStart                          0x0800255c   Section        0  cmsis_os.o(i.osKernelStart)
    i.osMailAlloc                            0x08002566   Section        0  cmsis_os.o(i.osMailAlloc)
    i.osMailCreate                           0x08002574   Section        0  cmsis_os.o(i.osMailCreate)
    i.osMailFree                             0x080025d0   Section        0  cmsis_os.o(i.osMailFree)
    i.osMailGet                              0x080025dc   Section        0  cmsis_os.o(i.osMailGet)
    i.osMailPut                              0x0800266c   Section        0  cmsis_os.o(i.osMailPut)
    i.osPoolAlloc                            0x080026c8   Section        0  cmsis_os.o(i.osPoolAlloc)
    i.osPoolCreate                           0x08002732   Section        0  cmsis_os.o(i.osPoolCreate)
    i.osPoolFree                             0x08002790   Section        0  cmsis_os.o(i.osPoolFree)
    i.osThreadCreate                         0x080027c0   Section        0  cmsis_os.o(i.osThreadCreate)
    i.prvAddCurrentTaskToDelayedList         0x08002814   Section        0  tasks.o(i.prvAddCurrentTaskToDelayedList)
    prvAddCurrentTaskToDelayedList           0x08002815   Thumb Code   102  tasks.o(i.prvAddCurrentTaskToDelayedList)
    i.prvAddNewTaskToReadyList               0x08002884   Section        0  tasks.o(i.prvAddNewTaskToReadyList)
    prvAddNewTaskToReadyList                 0x08002885   Thumb Code   194  tasks.o(i.prvAddNewTaskToReadyList)
    i.prvCopyDataFromQueue                   0x08002954   Section        0  queue.o(i.prvCopyDataFromQueue)
    prvCopyDataFromQueue                     0x08002955   Thumb Code    38  queue.o(i.prvCopyDataFromQueue)
    i.prvCopyDataToQueue                     0x0800297a   Section        0  queue.o(i.prvCopyDataToQueue)
    prvCopyDataToQueue                       0x0800297b   Thumb Code   108  queue.o(i.prvCopyDataToQueue)
    i.prvDeleteTCB                           0x080029e6   Section        0  tasks.o(i.prvDeleteTCB)
    prvDeleteTCB                             0x080029e7   Thumb Code    52  tasks.o(i.prvDeleteTCB)
    i.prvHeapInit                            0x08002a1c   Section        0  heap_4.o(i.prvHeapInit)
    prvHeapInit                              0x08002a1d   Thumb Code    66  heap_4.o(i.prvHeapInit)
    i.prvIdleTask                            0x08002a68   Section        0  tasks.o(i.prvIdleTask)
    prvIdleTask                              0x08002a69   Thumb Code    82  tasks.o(i.prvIdleTask)
    i.prvInitialiseNewQueue                  0x08002ac8   Section        0  queue.o(i.prvInitialiseNewQueue)
    prvInitialiseNewQueue                    0x08002ac9   Thumb Code    22  queue.o(i.prvInitialiseNewQueue)
    i.prvInitialiseNewTask                   0x08002ade   Section        0  tasks.o(i.prvInitialiseNewTask)
    prvInitialiseNewTask                     0x08002adf   Thumb Code   142  tasks.o(i.prvInitialiseNewTask)
    i.prvInsertBlockIntoFreeList             0x08002b6c   Section        0  heap_4.o(i.prvInsertBlockIntoFreeList)
    prvInsertBlockIntoFreeList               0x08002b6d   Thumb Code    72  heap_4.o(i.prvInsertBlockIntoFreeList)
    i.prvIsQueueEmpty                        0x08002bb8   Section        0  queue.o(i.prvIsQueueEmpty)
    prvIsQueueEmpty                          0x08002bb9   Thumb Code    28  queue.o(i.prvIsQueueEmpty)
    i.prvResetNextTaskUnblockTime            0x08002bd4   Section        0  tasks.o(i.prvResetNextTaskUnblockTime)
    prvResetNextTaskUnblockTime              0x08002bd5   Thumb Code    26  tasks.o(i.prvResetNextTaskUnblockTime)
    i.prvTaskExitError                       0x08002bf4   Section        0  port.o(i.prvTaskExitError)
    prvTaskExitError                         0x08002bf5   Thumb Code    36  port.o(i.prvTaskExitError)
    i.prvTaskIsTaskSuspended                 0x08002c1c   Section        0  tasks.o(i.prvTaskIsTaskSuspended)
    prvTaskIsTaskSuspended                   0x08002c1d   Thumb Code    48  tasks.o(i.prvTaskIsTaskSuspended)
    i.prvUnlockQueue                         0x08002c50   Section        0  queue.o(i.prvUnlockQueue)
    prvUnlockQueue                           0x08002c51   Thumb Code   106  queue.o(i.prvUnlockQueue)
    i.pvPortMalloc                           0x08002cbc   Section        0  heap_4.o(i.pvPortMalloc)
    i.pxPortInitialiseStack                  0x08002d94   Section        0  port.o(i.pxPortInitialiseStack)
    i.uxListRemove                           0x08002db8   Section        0  list.o(i.uxListRemove)
    i.vApplicationGetIdleTaskMemory          0x08002de0   Section        0  freertos.o(i.vApplicationGetIdleTaskMemory)
    i.vListInitialise                        0x08002df4   Section        0  list.o(i.vListInitialise)
    i.vListInitialiseItem                    0x08002e0a   Section        0  list.o(i.vListInitialiseItem)
    i.vListInsert                            0x08002e10   Section        0  list.o(i.vListInsert)
    i.vListInsertEnd                         0x08002e40   Section        0  list.o(i.vListInsertEnd)
    i.vPortEnterCritical                     0x08002e58   Section        0  port.o(i.vPortEnterCritical)
    i.vPortExitCritical                      0x08002e98   Section        0  port.o(i.vPortExitCritical)
    i.vPortFree                              0x08002ec0   Section        0  heap_4.o(i.vPortFree)
    i.vPortSetupTimerInterrupt               0x08002f1c   Section        0  port.o(i.vPortSetupTimerInterrupt)
    i.vPortValidateInterruptPriority         0x08002f40   Section        0  port.o(i.vPortValidateInterruptPriority)
    i.vTaskInternalSetTimeOutState           0x08002f94   Section        0  tasks.o(i.vTaskInternalSetTimeOutState)
    i.vTaskMissedYield                       0x08002fa4   Section        0  tasks.o(i.vTaskMissedYield)
    i.vTaskPlaceOnEventList                  0x08002fb0   Section        0  tasks.o(i.vTaskPlaceOnEventList)
    i.vTaskStartScheduler                    0x08002fe0   Section        0  tasks.o(i.vTaskStartScheduler)
    i.vTaskSuspend                           0x0800304c   Section        0  tasks.o(i.vTaskSuspend)
    i.vTaskSuspendAll                        0x08003108   Section        0  tasks.o(i.vTaskSuspendAll)
    i.vTaskSwitchContext                     0x08003118   Section        0  tasks.o(i.vTaskSwitchContext)
    i.xPortStartScheduler                    0x08003174   Section        0  port.o(i.xPortStartScheduler)
    i.xQueueGenericCreate                    0x0800321c   Section        0  queue.o(i.xQueueGenericCreate)
    i.xQueueGenericReset                     0x08003264   Section        0  queue.o(i.xQueueGenericReset)
    i.xQueueGenericSend                      0x080032ec   Section        0  queue.o(i.xQueueGenericSend)
    i.xQueueGenericSendFromISR               0x0800344c   Section        0  queue.o(i.xQueueGenericSendFromISR)
    i.xQueueReceive                          0x08003508   Section        0  queue.o(i.xQueueReceive)
    i.xQueueReceiveFromISR                   0x08003640   Section        0  queue.o(i.xQueueReceiveFromISR)
    i.xTaskCheckForTimeOut                   0x080036dc   Section        0  tasks.o(i.xTaskCheckForTimeOut)
    i.xTaskCreate                            0x08003750   Section        0  tasks.o(i.xTaskCreate)
    i.xTaskCreateStatic                      0x080037aa   Section        0  tasks.o(i.xTaskCreateStatic)
    i.xTaskGetSchedulerState                 0x08003800   Section        0  tasks.o(i.xTaskGetSchedulerState)
    i.xTaskGetTickCount                      0x0800381c   Section        0  tasks.o(i.xTaskGetTickCount)
    i.xTaskIncrementTick                     0x08003828   Section        0  tasks.o(i.xTaskIncrementTick)
    i.xTaskPriorityDisinherit                0x080038f0   Section        0  tasks.o(i.xTaskPriorityDisinherit)
    i.xTaskRemoveFromEventList               0x08003988   Section        0  tasks.o(i.xTaskRemoveFromEventList)
    i.xTaskResumeAll                         0x080039fc   Section        0  tasks.o(i.xTaskResumeAll)
    i.xTaskResumeFromISR                     0x08003ac0   Section        0  tasks.o(i.xTaskResumeFromISR)
    .constdata                               0x08003b48   Section      218  main.o(.constdata)
    .constdata                               0x08003c22   Section       16  system_stm32f1xx.o(.constdata)
    .constdata                               0x08003c32   Section        8  system_stm32f1xx.o(.constdata)
    .constdata                               0x08003c3a   Section        4  sys_io.o(.constdata)
    .constdata                               0x08003c3e   Section        4  sys_io.o(.constdata)
    .constdata                               0x08003c42   Section        4  sys_io.o(.constdata)
    .conststring                             0x08003c48   Section      113  main.o(.conststring)
    .data                                    0x20000000   Section       40  main.o(.data)
    .data                                    0x20000028   Section       12  stm32f1xx_hal.o(.data)
    .data                                    0x20000034   Section        4  system_stm32f1xx.o(.data)
    .data                                    0x20000038   Section       60  tasks.o(.data)
    pxDelayedTaskList                        0x2000003c   Data           4  tasks.o(.data)
    pxOverflowDelayedTaskList                0x20000040   Data           4  tasks.o(.data)
    uxDeletedTasksWaitingCleanUp             0x20000044   Data           4  tasks.o(.data)
    uxCurrentNumberOfTasks                   0x20000048   Data           4  tasks.o(.data)
    xTickCount                               0x2000004c   Data           4  tasks.o(.data)
    uxTopReadyPriority                       0x20000050   Data           4  tasks.o(.data)
    xSchedulerRunning                        0x20000054   Data           4  tasks.o(.data)
    uxPendedTicks                            0x20000058   Data           4  tasks.o(.data)
    xYieldPending                            0x2000005c   Data           4  tasks.o(.data)
    xNumOfOverflows                          0x20000060   Data           4  tasks.o(.data)
    uxTaskNumber                             0x20000064   Data           4  tasks.o(.data)
    xNextTaskUnblockTime                     0x20000068   Data           4  tasks.o(.data)
    xIdleTaskHandle                          0x2000006c   Data           4  tasks.o(.data)
    uxSchedulerSuspended                     0x20000070   Data           4  tasks.o(.data)
    .data                                    0x20000074   Section       24  heap_4.o(.data)
    pxEnd                                    0x20000074   Data           4  heap_4.o(.data)
    xFreeBytesRemaining                      0x20000078   Data           4  heap_4.o(.data)
    xMinimumEverFreeBytesRemaining           0x2000007c   Data           4  heap_4.o(.data)
    xBlockAllocatedBit                       0x20000080   Data           4  heap_4.o(.data)
    xStart                                   0x20000084   Data           8  heap_4.o(.data)
    .data                                    0x2000008c   Section       12  port.o(.data)
    ucMaxSysCallPriority                     0x2000008c   Data           1  port.o(.data)
    uxCriticalNesting                        0x20000090   Data           4  port.o(.data)
    ulMaxPRIGROUPValue                       0x20000094   Data           4  port.o(.data)
    .data                                    0x20000098   Section        4  stdio_streams.o(.data)
    .data                                    0x2000009c   Section        4  stdio_streams.o(.data)
    .data                                    0x200000a0   Section        4  stdio_streams.o(.data)
    .bss                                     0x200000a4   Section      104  main.o(.bss)
    .bss                                     0x2000010c   Section      596  freertos.o(.bss)
    xIdleTaskTCBBuffer                       0x2000010c   Data          84  freertos.o(.bss)
    xIdleStack                               0x20000160   Data         512  freertos.o(.bss)
    .bss                                     0x20000360   Section       72  stm32f1xx_hal_timebase_tim.o(.bss)
    .bss                                     0x200003a8   Section      240  tasks.o(.bss)
    pxReadyTasksLists                        0x200003a8   Data         140  tasks.o(.bss)
    xDelayedTaskList1                        0x20000434   Data          20  tasks.o(.bss)
    xDelayedTaskList2                        0x20000448   Data          20  tasks.o(.bss)
    xPendingReadyList                        0x2000045c   Data          20  tasks.o(.bss)
    xTasksWaitingTermination                 0x20000470   Data          20  tasks.o(.bss)
    xSuspendedTaskList                       0x20000484   Data          20  tasks.o(.bss)
    .bss                                     0x20000498   Section     3072  heap_4.o(.bss)
    ucHeap                                   0x20000498   Data        3072  heap_4.o(.bss)
    .bss                                     0x20001098   Section       84  stdio_streams.o(.bss)
    .bss                                     0x200010ec   Section       84  stdio_streams.o(.bss)
    .bss                                     0x20001140   Section       84  stdio_streams.o(.bss)
    .bss                                     0x20001194   Section       96  libspace.o(.bss)
    HEAP                                     0x200011f8   Section      512  startup_stm32f103xb.o(HEAP)
    Heap_Mem                                 0x200011f8   Data         512  startup_stm32f103xb.o(HEAP)
    STACK                                    0x200013f8   Section     1024  startup_stm32f103xb.o(STACK)
    Stack_Mem                                0x200013f8   Data        1024  startup_stm32f103xb.o(STACK)
    __initial_sp                             0x200017f8   Data           0  startup_stm32f103xb.o(STACK)

    Global Symbols

    Symbol Name                              Value     Ov Type        Size  Object(Section)

    BuildAttributes$$THM_ISAv4$P$D$K$B$S$PE$A:L22UL41UL21$X:L11$S22US41US21$IEEE1$IW$USESV6$~STKCKD$USESV7$~SHL$OTIME$ROPI$EBA8$UX$STANDARDLIB$REQ8$PRES8$EABIv2 0x00000000   Number         0  anon$$obj.o ABSOLUTE
    __ARM_use_no_argv                        0x00000000   Number         0  main.o ABSOLUTE
    __ARM_exceptions_init                     - Undefined Weak Reference
    __alloca_initialize                       - Undefined Weak Reference
    __arm_preinit_                            - Undefined Weak Reference
    __cpp_initialize__aeabi_                  - Undefined Weak Reference
    __cxa_finalize                            - Undefined Weak Reference
    __rt_locale                               - Undefined Weak Reference
    __sigvec_lookup                           - Undefined Weak Reference
    __user_heap_extent                        - Undefined Weak Reference
    _atexit_init                              - Undefined Weak Reference
    _call_atexit_fns                          - Undefined Weak Reference
    _clock_init                               - Undefined Weak Reference
    _fp_trap_init                             - Undefined Weak Reference
    _fp_trap_shutdown                         - Undefined Weak Reference
    _get_lc_collate                           - Undefined Weak Reference
    _get_lc_ctype                             - Undefined Weak Reference
    _get_lc_monetary                          - Undefined Weak Reference
    _get_lc_numeric                           - Undefined Weak Reference
    _get_lc_time                              - Undefined Weak Reference
    _getenv_init                              - Undefined Weak Reference
    _handle_redirection                       - Undefined Weak Reference
    _mutex_acquire                            - Undefined Weak Reference
    _mutex_free                               - Undefined Weak Reference
    _mutex_release                            - Undefined Weak Reference
    _printf_post_padding                      - Undefined Weak Reference
    _printf_pre_padding                       - Undefined Weak Reference
    _printf_truncate_signed                   - Undefined Weak Reference
    _printf_truncate_unsigned                 - Undefined Weak Reference
    _rand_init                                - Undefined Weak Reference
    _signal_finish                            - Undefined Weak Reference
    _signal_init                              - Undefined Weak Reference
    __Vectors_Size                           0x000000ec   Number         0  startup_stm32f103xb.o ABSOLUTE
    __Vectors                                0x08000000   Data           4  startup_stm32f103xb.o(RESET)
    __Vectors_End                            0x080000ec   Data           0  startup_stm32f103xb.o(RESET)
    __main                                   0x080000ed   Thumb Code     8  __main.o(!!!main)
    __scatterload                            0x080000f5   Thumb Code     0  __scatter.o(!!!scatter)
    __scatterload_rt2                        0x080000f5   Thumb Code    44  __scatter.o(!!!scatter)
    __scatterload_rt2_thumb_only             0x080000f5   Thumb Code     0  __scatter.o(!!!scatter)
    __scatterload_null                       0x08000103   Thumb Code     0  __scatter.o(!!!scatter)
    __scatterload_copy                       0x08000129   Thumb Code    26  __scatter_copy.o(!!handler_copy)
    __scatterload_zeroinit                   0x08000145   Thumb Code    28  __scatter_zi.o(!!handler_zi)
    _printf_d                                0x08000161   Thumb Code     0  _printf_d.o(.ARM.Collect$$_printf_percent$$00000009)
    _printf_percent                          0x08000161   Thumb Code     0  _printf_percent.o(.ARM.Collect$$_printf_percent$$00000000)
    _printf_percent_end                      0x08000167   Thumb Code     0  _printf_percent_end.o(.ARM.Collect$$_printf_percent$$00000017)
    __rt_lib_init                            0x0800016b   Thumb Code     0  libinit.o(.ARM.Collect$$libinit$$00000000)
    __rt_lib_init_fp_1                       0x0800016d   Thumb Code     0  libinit2.o(.ARM.Collect$$libinit$$00000002)
    __rt_lib_init_heap_2                     0x0800016d   Thumb Code     0  libinit2.o(.ARM.Collect$$libinit$$00000005)
    __rt_lib_init_preinit_1                  0x0800016d   Thumb Code     0  libinit2.o(.ARM.Collect$$libinit$$00000004)
    __rt_lib_init_atexit_1                   0x08000175   Thumb Code     0  libinit2.o(.ARM.Collect$$libinit$$0000001B)
    __rt_lib_init_clock_1                    0x08000175   Thumb Code     0  libinit2.o(.ARM.Collect$$libinit$$00000021)
    __rt_lib_init_fp_trap_1                  0x08000175   Thumb Code     0  libinit2.o(.ARM.Collect$$libinit$$0000001F)
    __rt_lib_init_getenv_1                   0x08000175   Thumb Code     0  libinit2.o(.ARM.Collect$$libinit$$00000023)
    __rt_lib_init_heap_1                     0x08000175   Thumb Code     0  libinit2.o(.ARM.Collect$$libinit$$0000000A)
    __rt_lib_init_lc_collate_1               0x08000175   Thumb Code     0  libinit2.o(.ARM.Collect$$libinit$$00000011)
    __rt_lib_init_lc_ctype_1                 0x08000175   Thumb Code     0  libinit2.o(.ARM.Collect$$libinit$$00000013)
    __rt_lib_init_lc_monetary_1              0x08000175   Thumb Code     0  libinit2.o(.ARM.Collect$$libinit$$00000015)
    __rt_lib_init_lc_numeric_1               0x08000175   Thumb Code     0  libinit2.o(.ARM.Collect$$libinit$$00000017)
    __rt_lib_init_lc_time_1                  0x08000175   Thumb Code     0  libinit2.o(.ARM.Collect$$libinit$$00000019)
    __rt_lib_init_rand_1                     0x08000175   Thumb Code     0  libinit2.o(.ARM.Collect$$libinit$$0000000E)
    __rt_lib_init_signal_1                   0x08000175   Thumb Code     0  libinit2.o(.ARM.Collect$$libinit$$0000001D)
    __rt_lib_init_stdio_2                    0x08000175   Thumb Code     0  libinit2.o(.ARM.Collect$$libinit$$00000024)
    __rt_lib_init_user_alloc_1               0x08000175   Thumb Code     0  libinit2.o(.ARM.Collect$$libinit$$0000000C)
    __rt_lib_init_alloca_1                   0x08000179   Thumb Code     0  libinit2.o(.ARM.Collect$$libinit$$0000002E)
    __rt_lib_init_argv_1                     0x08000179   Thumb Code     0  libinit2.o(.ARM.Collect$$libinit$$0000002C)
    __rt_lib_init_cpp_1                      0x08000179   Thumb Code     0  libinit2.o(.ARM.Collect$$libinit$$00000032)
    __rt_lib_init_exceptions_1               0x08000179   Thumb Code     0  libinit2.o(.ARM.Collect$$libinit$$00000030)
    __rt_lib_init_return                     0x08000179   Thumb Code     0  libinit2.o(.ARM.Collect$$libinit$$00000033)
    __rt_lib_init_stdio_1                    0x08000179   Thumb Code     0  libinit2.o(.ARM.Collect$$libinit$$00000025)
    __rt_lib_shutdown                        0x0800017b   Thumb Code     0  libshutdown.o(.ARM.Collect$$libshutdown$$00000000)
    __rt_lib_shutdown_cpp_1                  0x0800017d   Thumb Code     0  libshutdown2.o(.ARM.Collect$$libshutdown$$00000002)
    __rt_lib_shutdown_stdio_2                0x0800017d   Thumb Code     0  libshutdown2.o(.ARM.Collect$$libshutdown$$00000003)
    __rt_lib_shutdown_fp_trap_1              0x08000181   Thumb Code     0  libshutdown2.o(.ARM.Collect$$libshutdown$$00000007)
    __rt_lib_shutdown_heap_1                 0x08000181   Thumb Code     0  libshutdown2.o(.ARM.Collect$$libshutdown$$0000000F)
    __rt_lib_shutdown_return                 0x08000181   Thumb Code     0  libshutdown2.o(.ARM.Collect$$libshutdown$$00000010)
    __rt_lib_shutdown_signal_1               0x08000181   Thumb Code     0  libshutdown2.o(.ARM.Collect$$libshutdown$$0000000A)
    __rt_lib_shutdown_stdio_1                0x08000181   Thumb Code     0  libshutdown2.o(.ARM.Collect$$libshutdown$$00000004)
    __rt_lib_shutdown_user_alloc_1           0x08000181   Thumb Code     0  libshutdown2.o(.ARM.Collect$$libshutdown$$0000000C)
    __rt_entry                               0x08000183   Thumb Code     0  __rtentry.o(.ARM.Collect$$rtentry$$00000000)
    __rt_entry_presh_1                       0x08000183   Thumb Code     0  __rtentry2.o(.ARM.Collect$$rtentry$$00000002)
    __rt_entry_sh                            0x08000183   Thumb Code     0  __rtentry4.o(.ARM.Collect$$rtentry$$00000004)
    __rt_entry_li                            0x08000189   Thumb Code     0  __rtentry2.o(.ARM.Collect$$rtentry$$0000000A)
    __rt_entry_postsh_1                      0x08000189   Thumb Code     0  __rtentry2.o(.ARM.Collect$$rtentry$$00000009)
    __rt_entry_main                          0x0800018d   Thumb Code     0  __rtentry2.o(.ARM.Collect$$rtentry$$0000000D)
    __rt_entry_postli_1                      0x0800018d   Thumb Code     0  __rtentry2.o(.ARM.Collect$$rtentry$$0000000C)
    __rt_exit                                0x08000195   Thumb Code     0  rtexit.o(.ARM.Collect$$rtexit$$00000000)
    __rt_exit_ls                             0x08000197   Thumb Code     0  rtexit2.o(.ARM.Collect$$rtexit$$00000003)
    __rt_exit_prels_1                        0x08000197   Thumb Code     0  rtexit2.o(.ARM.Collect$$rtexit$$00000002)
    __rt_exit_exit                           0x0800019b   Thumb Code     0  rtexit2.o(.ARM.Collect$$rtexit$$00000004)
    SVC_Handler                              0x080001a1   Thumb Code    32  port.o(.emb_text)
    __asm___6_port_c_39a90d8d__prvStartFirstTask 0x080001c5   Thumb Code    28  port.o(.emb_text)
    PendSV_Handler                           0x080001e5   Thumb Code    72  port.o(.emb_text)
    vPortGetIPSR                             0x08000231   Thumb Code     6  port.o(.emb_text)
    Reset_Handler                            0x08000239   Thumb Code     8  startup_stm32f103xb.o(.text)
    _maybe_terminate_alloc                   0x08000239   Thumb Code     0  maybetermalloc1.o(.emb_text)
    ADC1_2_IRQHandler                        0x08000253   Thumb Code     0  startup_stm32f103xb.o(.text)
    CAN1_RX1_IRQHandler                      0x08000253   Thumb Code     0  startup_stm32f103xb.o(.text)
    CAN1_SCE_IRQHandler                      0x08000253   Thumb Code     0  startup_stm32f103xb.o(.text)
    DMA1_Channel1_IRQHandler                 0x08000253   Thumb Code     0  startup_stm32f103xb.o(.text)
    DMA1_Channel2_IRQHandler                 0x08000253   Thumb Code     0  startup_stm32f103xb.o(.text)
    DMA1_Channel3_IRQHandler                 0x08000253   Thumb Code     0  startup_stm32f103xb.o(.text)
    DMA1_Channel4_IRQHandler                 0x08000253   Thumb Code     0  startup_stm32f103xb.o(.text)
    DMA1_Channel5_IRQHandler                 0x08000253   Thumb Code     0  startup_stm32f103xb.o(.text)
    DMA1_Channel6_IRQHandler                 0x08000253   Thumb Code     0  startup_stm32f103xb.o(.text)
    DMA1_Channel7_IRQHandler                 0x08000253   Thumb Code     0  startup_stm32f103xb.o(.text)
    EXTI0_IRQHandler                         0x08000253   Thumb Code     0  startup_stm32f103xb.o(.text)
    EXTI15_10_IRQHandler                     0x08000253   Thumb Code     0  startup_stm32f103xb.o(.text)
    EXTI1_IRQHandler                         0x08000253   Thumb Code     0  startup_stm32f103xb.o(.text)
    EXTI2_IRQHandler                         0x08000253   Thumb Code     0  startup_stm32f103xb.o(.text)
    EXTI3_IRQHandler                         0x08000253   Thumb Code     0  startup_stm32f103xb.o(.text)
    EXTI4_IRQHandler                         0x08000253   Thumb Code     0  startup_stm32f103xb.o(.text)
    EXTI9_5_IRQHandler                       0x08000253   Thumb Code     0  startup_stm32f103xb.o(.text)
    FLASH_IRQHandler                         0x08000253   Thumb Code     0  startup_stm32f103xb.o(.text)
    I2C1_ER_IRQHandler                       0x08000253   Thumb Code     0  startup_stm32f103xb.o(.text)
    I2C1_EV_IRQHandler                       0x08000253   Thumb Code     0  startup_stm32f103xb.o(.text)
    I2C2_ER_IRQHandler                       0x08000253   Thumb Code     0  startup_stm32f103xb.o(.text)
    I2C2_EV_IRQHandler                       0x08000253   Thumb Code     0  startup_stm32f103xb.o(.text)
    PVD_IRQHandler                           0x08000253   Thumb Code     0  startup_stm32f103xb.o(.text)
    RCC_IRQHandler                           0x08000253   Thumb Code     0  startup_stm32f103xb.o(.text)
    RTC_Alarm_IRQHandler                     0x08000253   Thumb Code     0  startup_stm32f103xb.o(.text)
    RTC_IRQHandler                           0x08000253   Thumb Code     0  startup_stm32f103xb.o(.text)
    SPI1_IRQHandler                          0x08000253   Thumb Code     0  startup_stm32f103xb.o(.text)
    SPI2_IRQHandler                          0x08000253   Thumb Code     0  startup_stm32f103xb.o(.text)
    TAMPER_IRQHandler                        0x08000253   Thumb Code     0  startup_stm32f103xb.o(.text)
    TIM1_BRK_IRQHandler                      0x08000253   Thumb Code     0  startup_stm32f103xb.o(.text)
    TIM1_CC_IRQHandler                       0x08000253   Thumb Code     0  startup_stm32f103xb.o(.text)
    TIM1_TRG_COM_IRQHandler                  0x08000253   Thumb Code     0  startup_stm32f103xb.o(.text)
    TIM1_UP_IRQHandler                       0x08000253   Thumb Code     0  startup_stm32f103xb.o(.text)
    TIM2_IRQHandler                          0x08000253   Thumb Code     0  startup_stm32f103xb.o(.text)
    TIM3_IRQHandler                          0x08000253   Thumb Code     0  startup_stm32f103xb.o(.text)
    USART2_IRQHandler                        0x08000253   Thumb Code     0  startup_stm32f103xb.o(.text)
    USART3_IRQHandler                        0x08000253   Thumb Code     0  startup_stm32f103xb.o(.text)
    USBWakeUp_IRQHandler                     0x08000253   Thumb Code     0  startup_stm32f103xb.o(.text)
    USB_HP_CAN1_TX_IRQHandler                0x08000253   Thumb Code     0  startup_stm32f103xb.o(.text)
    USB_LP_CAN1_RX0_IRQHandler               0x08000253   Thumb Code     0  startup_stm32f103xb.o(.text)
    WWDG_IRQHandler                          0x08000253   Thumb Code     0  startup_stm32f103xb.o(.text)
    __user_initial_stackheap                 0x08000255   Thumb Code     0  startup_stm32f103xb.o(.text)
    __2printf                                0x08000279   Thumb Code    20  noretval__2printf.o(.text)
    __2sprintf                               0x08000291   Thumb Code    34  noretval__2sprintf.o(.text)
    __printf                                 0x080002b9   Thumb Code   104  __printf.o(.text)
    _printf_int_dec                          0x08000321   Thumb Code   104  _printf_dec.o(.text)
    __aeabi_memcpy                           0x08000399   Thumb Code     0  rt_memcpy_v6.o(.text)
    __rt_memcpy                              0x08000399   Thumb Code   138  rt_memcpy_v6.o(.text)
    _memcpy_lastbytes                        0x080003ff   Thumb Code     0  rt_memcpy_v6.o(.text)
    __aeabi_memcpy4                          0x08000423   Thumb Code     0  rt_memcpy_w.o(.text)
    __aeabi_memcpy8                          0x08000423   Thumb Code     0  rt_memcpy_w.o(.text)
    __rt_memcpy_w                            0x08000423   Thumb Code   100  rt_memcpy_w.o(.text)
    _memcpy_lastbytes_aligned                0x0800046b   Thumb Code     0  rt_memcpy_w.o(.text)
    __aeabi_memclr4                          0x08000487   Thumb Code     0  rt_memclr_w.o(.text)
    __aeabi_memclr8                          0x08000487   Thumb Code     0  rt_memclr_w.o(.text)
    __rt_memclr_w                            0x08000487   Thumb Code    78  rt_memclr_w.o(.text)
    _memset_w                                0x0800048b   Thumb Code     0  rt_memclr_w.o(.text)
    __use_two_region_memory                  0x080004d5   Thumb Code     2  heapauxi.o(.text)
    __rt_heap_escrow                         0x080004d7   Thumb Code     2  heapauxi.o(.text)
    __rt_heap_expand                         0x080004d9   Thumb Code     2  heapauxi.o(.text)
    _printf_int_common                       0x080004db   Thumb Code   178  _printf_intcommon.o(.text)
    _printf_char_common                      0x08000597   Thumb Code    32  _printf_char_common.o(.text)
    _sputc                                   0x080005bd   Thumb Code    10  _sputc.o(.text)
    _printf_char_file                        0x080005c9   Thumb Code    32  _printf_char_file.o(.text)
    ferror                                   0x080005ed   Thumb Code     8  ferror.o(.text)
    _initio                                  0x080005f5   Thumb Code   210  initio.o(.text)
    _terminateio                             0x080006c7   Thumb Code    56  initio.o(.text)
    _sys_open                                0x0800072d   Thumb Code    20  sys_io.o(.text)
    _sys_close                               0x08000741   Thumb Code    12  sys_io.o(.text)
    _sys_write                               0x0800074d   Thumb Code    16  sys_io.o(.text)
    _sys_read                                0x0800075d   Thumb Code    14  sys_io.o(.text)
    _sys_istty                               0x0800076b   Thumb Code    12  sys_io.o(.text)
    _sys_seek                                0x08000777   Thumb Code    14  sys_io.o(.text)
    _sys_ensure                              0x08000785   Thumb Code     2  sys_io.o(.text)
    _sys_flen                                0x08000787   Thumb Code    12  sys_io.o(.text)
    __user_setup_stackheap                   0x08000793   Thumb Code    74  sys_stackheap_outer.o(.text)
    free                                     0x080007dd   Thumb Code    78  h1_free.o(.text)
    setvbuf                                  0x0800082b   Thumb Code    70  setvbuf.o(.text)
    freopen                                  0x08000871   Thumb Code   158  fopen.o(.text)
    fopen                                    0x0800090f   Thumb Code    74  fopen.o(.text)
    _fclose_internal                         0x0800095d   Thumb Code    76  fclose.o(.text)
    fclose                                   0x0800095d   Thumb Code     0  fclose.o(.text)
    exit                                     0x080009a9   Thumb Code    18  exit.o(.text)
    __rt_SIGRTRED                            0x080009bb   Thumb Code    14  defsig_rtred_outer.o(.text)
    __user_libspace                          0x080009c9   Thumb Code     8  libspace.o(.text)
    __user_perproc_libspace                  0x080009c9   Thumb Code     0  libspace.o(.text)
    __user_perthread_libspace                0x080009c9   Thumb Code     0  libspace.o(.text)
    __I$use$semihosting                      0x080009d1   Thumb Code     0  use_no_semi.o(.text)
    __use_no_semihosting_swi                 0x080009d1   Thumb Code     2  use_no_semi.o(.text)
    __semihosting_library_function           0x080009d3   Thumb Code     0  indicate_semi.o(.text)
    __rt_heap_descriptor                     0x080009d5   Thumb Code     8  rt_heap_descriptor_intlibspace.o(.text)
    __use_no_heap                            0x080009dd   Thumb Code     2  hguard.o(.text)
    __heap$guard                             0x080009df   Thumb Code     2  hguard.o(.text)
    _terminate_user_alloc                    0x080009e1   Thumb Code     2  init_alloc.o(.text)
    _init_user_alloc                         0x080009e3   Thumb Code     2  init_alloc.o(.text)
    __Heap_Full                              0x080009e5   Thumb Code    34  init_alloc.o(.text)
    __Heap_Broken                            0x08000a07   Thumb Code     6  init_alloc.o(.text)
    _init_alloc                              0x08000a0d   Thumb Code    94  init_alloc.o(.text)
    malloc                                   0x08000a6b   Thumb Code    94  h1_alloc.o(.text)
    _fseek                                   0x08000ac9   Thumb Code   242  fseek.o(.text)
    fseek                                    0x08000ac9   Thumb Code     0  fseek.o(.text)
    _seterr                                  0x08000bc1   Thumb Code    20  stdio.o(.text)
    _writebuf                                0x08000bd5   Thumb Code    84  stdio.o(.text)
    _fflush                                  0x08000c29   Thumb Code    70  stdio.o(.text)
    _deferredlazyseek                        0x08000c6f   Thumb Code    60  stdio.o(.text)
    __sig_exit                               0x08000cb1   Thumb Code    10  defsig_exit.o(.text)
    __rt_SIGRTRED_inner                      0x08000cbd   Thumb Code    14  defsig_rtred_inner.o(.text)
    strlen                                   0x08000cf1   Thumb Code    62  strlen.o(.text)
    _sys_exit                                0x08000d31   Thumb Code     8  sys_exit.o(.text)
    __Heap_Initialize                        0x08000d3d   Thumb Code    10  h1_init.o(.text)
    __Heap_DescSize                          0x08000d47   Thumb Code     4  h1_init.o(.text)
    __Heap_ProvideMemory                     0x08000d4b   Thumb Code    52  h1_extend.o(.text)
    _ftell_internal                          0x08000d7f   Thumb Code    66  ftell.o(.text)
    ftell                                    0x08000d7f   Thumb Code     0  ftell.o(.text)
    __default_signal_display                 0x08000dc1   Thumb Code    50  defsig_general.o(.text)
    __rt_SIGRTMEM                            0x08000df3   Thumb Code    14  defsig_rtmem_outer.o(.text)
    _ttywrch                                 0x08000e01   Thumb Code    14  sys_wrch.o(.text)
    __aeabi_errno_addr                       0x08000e11   Thumb Code     8  rt_errno_addr_intlibspace.o(.text)
    __errno$intlibspace                      0x08000e11   Thumb Code     0  rt_errno_addr_intlibspace.o(.text)
    __rt_errno_addr$intlibspace              0x08000e11   Thumb Code     0  rt_errno_addr_intlibspace.o(.text)
    __rt_SIGRTMEM_inner                      0x08000e19   Thumb Code    22  defsig_rtmem_inner.o(.text)
    BusFault_Handler                         0x08000e69   Thumb Code     2  stm32f1xx_it.o(i.BusFault_Handler)
    ButtonTask                               0x08000e6d   Thumb Code    14  main.o(i.ButtonTask)
    DHTTask                                  0x08000e9d   Thumb Code    78  main.o(i.DHTTask)
    DebugMon_Handler                         0x08000ef1   Thumb Code     2  stm32f1xx_it.o(i.DebugMon_Handler)
    HAL_DMA_Abort                            0x08000ef3   Thumb Code    70  stm32f1xx_hal_dma.o(i.HAL_DMA_Abort)
    HAL_DMA_Abort_IT                         0x08000f39   Thumb Code   148  stm32f1xx_hal_dma.o(i.HAL_DMA_Abort_IT)
    HAL_GPIO_Init                            0x08000fd1   Thumb Code   446  stm32f1xx_hal_gpio.o(i.HAL_GPIO_Init)
    HAL_GetTick                              0x080011b1   Thumb Code     6  stm32f1xx_hal.o(i.HAL_GetTick)
    HAL_IncTick                              0x080011bd   Thumb Code    12  stm32f1xx_hal.o(i.HAL_IncTick)
    HAL_Init                                 0x080011cd   Thumb Code    32  stm32f1xx_hal.o(i.HAL_Init)
    HAL_InitTick                             0x080011f1   Thumb Code   132  stm32f1xx_hal_timebase_tim.o(i.HAL_InitTick)
    HAL_MspInit                              0x08001289   Thumb Code    62  stm32f1xx_hal_msp.o(i.HAL_MspInit)
    HAL_NVIC_EnableIRQ                       0x080012d1   Thumb Code    26  stm32f1xx_hal_cortex.o(i.HAL_NVIC_EnableIRQ)
    HAL_NVIC_SetPriority                     0x080012ed   Thumb Code    60  stm32f1xx_hal_cortex.o(i.HAL_NVIC_SetPriority)
    HAL_NVIC_SetPriorityGrouping             0x0800132d   Thumb Code    26  stm32f1xx_hal_cortex.o(i.HAL_NVIC_SetPriorityGrouping)
    HAL_RCC_ClockConfig                      0x08001351   Thumb Code   280  stm32f1xx_hal_rcc.o(i.HAL_RCC_ClockConfig)
    HAL_RCC_GetClockConfig                   0x0800147d   Thumb Code    54  stm32f1xx_hal_rcc.o(i.HAL_RCC_GetClockConfig)
    HAL_RCC_GetPCLK1Freq                     0x080014bd   Thumb Code    20  stm32f1xx_hal_rcc.o(i.HAL_RCC_GetPCLK1Freq)
    HAL_RCC_GetPCLK2Freq                     0x080014dd   Thumb Code    20  stm32f1xx_hal_rcc.o(i.HAL_RCC_GetPCLK2Freq)
    HAL_RCC_GetSysClockFreq                  0x080014fd   Thumb Code    74  stm32f1xx_hal_rcc.o(i.HAL_RCC_GetSysClockFreq)
    HAL_RCC_OscConfig                        0x08001569   Thumb Code   778  stm32f1xx_hal_rcc.o(i.HAL_RCC_OscConfig)
    HAL_TIMEx_BreakCallback                  0x08001889   Thumb Code     2  stm32f1xx_hal_tim_ex.o(i.HAL_TIMEx_BreakCallback)
    HAL_TIMEx_CommutCallback                 0x0800188b   Thumb Code     2  stm32f1xx_hal_tim_ex.o(i.HAL_TIMEx_CommutCallback)
    HAL_TIM_Base_Init                        0x0800188d   Thumb Code    90  stm32f1xx_hal_tim.o(i.HAL_TIM_Base_Init)
    HAL_TIM_Base_MspInit                     0x080018e7   Thumb Code     2  stm32f1xx_hal_tim.o(i.HAL_TIM_Base_MspInit)
    HAL_TIM_Base_Start_IT                    0x080018e9   Thumb Code    76  stm32f1xx_hal_tim.o(i.HAL_TIM_Base_Start_IT)
    HAL_TIM_IC_CaptureCallback               0x08001941   Thumb Code     2  stm32f1xx_hal_tim.o(i.HAL_TIM_IC_CaptureCallback)
    HAL_TIM_IRQHandler                       0x08001943   Thumb Code   358  stm32f1xx_hal_tim.o(i.HAL_TIM_IRQHandler)
    HAL_TIM_OC_DelayElapsedCallback          0x08001aa9   Thumb Code     2  stm32f1xx_hal_tim.o(i.HAL_TIM_OC_DelayElapsedCallback)
    HAL_TIM_PWM_PulseFinishedCallback        0x08001aab   Thumb Code     2  stm32f1xx_hal_tim.o(i.HAL_TIM_PWM_PulseFinishedCallback)
    HAL_TIM_PeriodElapsedCallback            0x08001aad   Thumb Code    14  main.o(i.HAL_TIM_PeriodElapsedCallback)
    HAL_TIM_TriggerCallback                  0x08001ac1   Thumb Code     2  stm32f1xx_hal_tim.o(i.HAL_TIM_TriggerCallback)
    HAL_UARTEx_RxEventCallback               0x08001ac3   Thumb Code     2  stm32f1xx_hal_uart.o(i.HAL_UARTEx_RxEventCallback)
    HAL_UART_ErrorCallback                   0x08001ac5   Thumb Code     2  stm32f1xx_hal_uart.o(i.HAL_UART_ErrorCallback)
    HAL_UART_IRQHandler                      0x08001ac9   Thumb Code   520  stm32f1xx_hal_uart.o(i.HAL_UART_IRQHandler)
    HAL_UART_Init                            0x08001cd5   Thumb Code    98  stm32f1xx_hal_uart.o(i.HAL_UART_Init)
    HAL_UART_MspInit                         0x08001d39   Thumb Code   116  stm32f1xx_hal_msp.o(i.HAL_UART_MspInit)
    HAL_UART_Receive_IT                      0x08001db9   Thumb Code    42  stm32f1xx_hal_uart.o(i.HAL_UART_Receive_IT)
    HAL_UART_RxCpltCallback                  0x08001de5   Thumb Code    54  main.o(i.HAL_UART_RxCpltCallback)
    HAL_UART_Transmit                        0x08001e41   Thumb Code   178  stm32f1xx_hal_uart.o(i.HAL_UART_Transmit)
    HAL_UART_TxCpltCallback                  0x08001ef3   Thumb Code     2  stm32f1xx_hal_uart.o(i.HAL_UART_TxCpltCallback)
    HCSR04Task                               0x08001ef5   Thumb Code    64  main.o(i.HCSR04Task)
    HardFault_Handler                        0x08001f39   Thumb Code     2  stm32f1xx_it.o(i.HardFault_Handler)
    LCDTask                                  0x08001f3d   Thumb Code    30  main.o(i.LCDTask)
    MemManage_Handler                        0x08001f61   Thumb Code     2  stm32f1xx_it.o(i.MemManage_Handler)
    NMI_Handler                              0x08001f63   Thumb Code     2  stm32f1xx_it.o(i.NMI_Handler)
    SysTick_Handler                          0x08001f65   Thumb Code    38  port.o(i.SysTick_Handler)
    SystemClock_Config                       0x08001f91   Thumb Code    94  main.o(i.SystemClock_Config)
    SystemInit                               0x08001fef   Thumb Code     2  system_stm32f1xx.o(i.SystemInit)
    TIM4_IRQHandler                          0x08001ff1   Thumb Code     6  stm32f1xx_it.o(i.TIM4_IRQHandler)
    TIM_Base_SetConfig                       0x08001ffd   Thumb Code    94  stm32f1xx_hal_tim.o(i.TIM_Base_SetConfig)
    UARTTask                                 0x08002069   Thumb Code    44  main.o(i.UARTTask)
    UART_Start_Receive_IT                    0x08002249   Thumb Code    54  stm32f1xx_hal_uart.o(i.UART_Start_Receive_IT)
    USART1_IRQHandler                        0x080022e5   Thumb Code     6  stm32f1xx_it.o(i.USART1_IRQHandler)
    Uart_ThresholdTask                       0x080022f1   Thumb Code   144  main.o(i.Uart_ThresholdTask)
    UsageFault_Handler                       0x080023c9   Thumb Code     2  stm32f1xx_it.o(i.UsageFault_Handler)
    fputc                                    0x080023ed   Thumb Code    20  main.o(i.fputc)
    main                                     0x08002411   Thumb Code   298  main.o(i.main)
    osKernelStart                            0x0800255d   Thumb Code    10  cmsis_os.o(i.osKernelStart)
    osMailAlloc                              0x08002567   Thumb Code    12  cmsis_os.o(i.osMailAlloc)
    osMailCreate                             0x08002575   Thumb Code    92  cmsis_os.o(i.osMailCreate)
    osMailFree                               0x080025d1   Thumb Code    12  cmsis_os.o(i.osMailFree)
    osMailGet                                0x080025dd   Thumb Code   140  cmsis_os.o(i.osMailGet)
    osMailPut                                0x0800266d   Thumb Code    88  cmsis_os.o(i.osMailPut)
    osPoolAlloc                              0x080026c9   Thumb Code   106  cmsis_os.o(i.osPoolAlloc)
    osPoolCreate                             0x08002733   Thumb Code    94  cmsis_os.o(i.osPoolCreate)
    osPoolFree                               0x08002791   Thumb Code    48  cmsis_os.o(i.osPoolFree)
    osThreadCreate                           0x080027c1   Thumb Code    84  cmsis_os.o(i.osThreadCreate)
    pvPortMalloc                             0x08002cbd   Thumb Code   210  heap_4.o(i.pvPortMalloc)
    pxPortInitialiseStack                    0x08002d95   Thumb Code    32  port.o(i.pxPortInitialiseStack)
    uxListRemove                             0x08002db9   Thumb Code    38  list.o(i.uxListRemove)
    vApplicationGetIdleTaskMemory            0x08002de1   Thumb Code    16  freertos.o(i.vApplicationGetIdleTaskMemory)
    vListInitialise                          0x08002df5   Thumb Code    22  list.o(i.vListInitialise)
    vListInitialiseItem                      0x08002e0b   Thumb Code     6  list.o(i.vListInitialiseItem)
    vListInsert                              0x08002e11   Thumb Code    48  list.o(i.vListInsert)
    vListInsertEnd                           0x08002e41   Thumb Code    24  list.o(i.vListInsertEnd)
    vPortEnterCritical                       0x08002e59   Thumb Code    54  port.o(i.vPortEnterCritical)
    vPortExitCritical                        0x08002e99   Thumb Code    34  port.o(i.vPortExitCritical)
    vPortFree                                0x08002ec1   Thumb Code    88  heap_4.o(i.vPortFree)
    vPortSetupTimerInterrupt                 0x08002f1d   Thumb Code    32  port.o(i.vPortSetupTimerInterrupt)
    vPortValidateInterruptPriority           0x08002f41   Thumb Code    74  port.o(i.vPortValidateInterruptPriority)
    vTaskInternalSetTimeOutState             0x08002f95   Thumb Code    12  tasks.o(i.vTaskInternalSetTimeOutState)
    vTaskMissedYield                         0x08002fa5   Thumb Code     8  tasks.o(i.vTaskMissedYield)
    vTaskPlaceOnEventList                    0x08002fb1   Thumb Code    44  tasks.o(i.vTaskPlaceOnEventList)
    vTaskStartScheduler                      0x08002fe1   Thumb Code    90  tasks.o(i.vTaskStartScheduler)
    vTaskSuspend                             0x0800304d   Thumb Code   174  tasks.o(i.vTaskSuspend)
    vTaskSuspendAll                          0x08003109   Thumb Code    10  tasks.o(i.vTaskSuspendAll)
    vTaskSwitchContext                       0x08003119   Thumb Code    82  tasks.o(i.vTaskSwitchContext)
    xPortStartScheduler                      0x08003175   Thumb Code   154  port.o(i.xPortStartScheduler)
    xQueueGenericCreate                      0x0800321d   Thumb Code    72  queue.o(i.xQueueGenericCreate)
    xQueueGenericReset                       0x08003265   Thumb Code   132  queue.o(i.xQueueGenericReset)
    xQueueGenericSend                        0x080032ed   Thumb Code   346  queue.o(i.xQueueGenericSend)
    xQueueGenericSendFromISR                 0x0800344d   Thumb Code   188  queue.o(i.xQueueGenericSendFromISR)
    xQueueReceive                            0x08003509   Thumb Code   308  queue.o(i.xQueueReceive)
    xQueueReceiveFromISR                     0x08003641   Thumb Code   154  queue.o(i.xQueueReceiveFromISR)
    xTaskCheckForTimeOut                     0x080036dd   Thumb Code   112  tasks.o(i.xTaskCheckForTimeOut)
    xTaskCreate                              0x08003751   Thumb Code    90  tasks.o(i.xTaskCreate)
    xTaskCreateStatic                        0x080037ab   Thumb Code    86  tasks.o(i.xTaskCreateStatic)
    xTaskGetSchedulerState                   0x08003801   Thumb Code    22  tasks.o(i.xTaskGetSchedulerState)
    xTaskGetTickCount                        0x0800381d   Thumb Code     6  tasks.o(i.xTaskGetTickCount)
    xTaskIncrementTick                       0x08003829   Thumb Code   192  tasks.o(i.xTaskIncrementTick)
    xTaskPriorityDisinherit                  0x080038f1   Thumb Code   144  tasks.o(i.xTaskPriorityDisinherit)
    xTaskRemoveFromEventList                 0x08003989   Thumb Code   108  tasks.o(i.xTaskRemoveFromEventList)
    xTaskResumeAll                           0x080039fd   Thumb Code   182  tasks.o(i.xTaskResumeAll)
    xTaskResumeFromISR                       0x08003ac1   Thumb Code   128  tasks.o(i.xTaskResumeFromISR)
    AHBPrescTable                            0x08003c22   Data          16  system_stm32f1xx.o(.constdata)
    APBPrescTable                            0x08003c32   Data           8  system_stm32f1xx.o(.constdata)
    __stdin_name                             0x08003c3a   Data           4  sys_io.o(.constdata)
    __stdout_name                            0x08003c3e   Data           4  sys_io.o(.constdata)
    __stderr_name                            0x08003c42   Data           4  sys_io.o(.constdata)
    Region$$Table$$Base                      0x08003cbc   Number         0  anon$$obj.o(Region$$Table)
    Region$$Table$$Limit                     0x08003cdc   Number         0  anon$$obj.o(Region$$Table)
    Rx_data                                  0x20000000   Data           1  main.o(.data)
    len                                      0x20000001   Data           1  main.o(.data)
    DHTTaskHandleHandle                      0x20000004   Data           4  main.o(.data)
    HCSR04TaskHandle                         0x20000008   Data           4  main.o(.data)
    LCDTaskHandle                            0x2000000c   Data           4  main.o(.data)
    UARTTaskHandle                           0x20000010   Data           4  main.o(.data)
    ButtonTaskHandle                         0x20000014   Data           4  main.o(.data)
    Uart_ThresholdTaskHandle                 0x20000018   Data           4  main.o(.data)
    myQueueDataHandle                        0x2000001c   Data           4  main.o(.data)
    myQueueUart_ThresholdHandle              0x20000020   Data           4  main.o(.data)
    myQueueUart_ThresholdDataHandle          0x20000024   Data           4  main.o(.data)
    uwTickFreq                               0x20000028   Data           1  stm32f1xx_hal.o(.data)
    uwTickPrio                               0x2000002c   Data           4  stm32f1xx_hal.o(.data)
    uwTick                                   0x20000030   Data           4  stm32f1xx_hal.o(.data)
    SystemCoreClock                          0x20000034   Data           4  system_stm32f1xx.o(.data)
    pxCurrentTCB                             0x20000038   Data           4  tasks.o(.data)
    __aeabi_stdin                            0x20000098   Data           4  stdio_streams.o(.data)
    __aeabi_stdout                           0x2000009c   Data           4  stdio_streams.o(.data)
    __aeabi_stderr                           0x200000a0   Data           4  stdio_streams.o(.data)
    TxBuffer                                 0x200000a4   Data          35  main.o(.bss)
    huart1                                   0x200000c8   Data          68  main.o(.bss)
    htim4                                    0x20000360   Data          72  stm32f1xx_hal_timebase_tim.o(.bss)
    __stdin                                  0x20001098   Data          84  stdio_streams.o(.bss)
    __stdout                                 0x200010ec   Data          84  stdio_streams.o(.bss)
    __stderr                                 0x20001140   Data          84  stdio_streams.o(.bss)
    __libspace_start                         0x20001194   Data          96  libspace.o(.bss)
    __temporary_stack_top$libspace           0x200011f4   Data           0  libspace.o(.bss)



==============================================================================

Memory Map of the image

  Image Entry point : 0x080000ed

  Load Region LR_IROM1 (Base: 0x08000000, Size: 0x00003d80, Max: 0x00010000, ABSOLUTE)

    Execution Region ER_IROM1 (Exec base: 0x08000000, Load base: 0x08000000, Size: 0x00003cdc, Max: 0x00010000, ABSOLUTE)

    Exec Addr    Load Addr    Size         Type   Attr      Idx    E Section Name        Object

    0x08000000   0x08000000   0x000000ec   Data   RO            3    RESET               startup_stm32f103xb.o
    0x080000ec   0x080000ec   0x00000008   Code   RO         4124  * !!!main             c_w.l(__main.o)
    0x080000f4   0x080000f4   0x00000034   Code   RO         4447    !!!scatter          c_w.l(__scatter.o)
    0x08000128   0x08000128   0x0000001a   Code   RO         4449    !!handler_copy      c_w.l(__scatter_copy.o)
    0x08000142   0x08000142   0x00000002   PAD
    0x08000144   0x08000144   0x0000001c   Code   RO         4451    !!handler_zi        c_w.l(__scatter_zi.o)
    0x08000160   0x08000160   0x00000000   Code   RO         4113    .ARM.Collect$$_printf_percent$$00000000  c_w.l(_printf_percent.o)
    0x08000160   0x08000160   0x00000006   Code   RO         4112    .ARM.Collect$$_printf_percent$$00000009  c_w.l(_printf_d.o)
    0x08000166   0x08000166   0x00000004   Code   RO         4135    .ARM.Collect$$_printf_percent$$00000017  c_w.l(_printf_percent_end.o)
    0x0800016a   0x0800016a   0x00000002   Code   RO         4256    .ARM.Collect$$libinit$$00000000  c_w.l(libinit.o)
    0x0800016c   0x0800016c   0x00000000   Code   RO         4258    .ARM.Collect$$libinit$$00000002  c_w.l(libinit2.o)
    0x0800016c   0x0800016c   0x00000000   Code   RO         4260    .ARM.Collect$$libinit$$00000004  c_w.l(libinit2.o)
    0x0800016c   0x0800016c   0x00000008   Code   RO         4261    .ARM.Collect$$libinit$$00000005  c_w.l(libinit2.o)
    0x08000174   0x08000174   0x00000000   Code   RO         4263    .ARM.Collect$$libinit$$0000000A  c_w.l(libinit2.o)
    0x08000174   0x08000174   0x00000000   Code   RO         4265    .ARM.Collect$$libinit$$0000000C  c_w.l(libinit2.o)
    0x08000174   0x08000174   0x00000000   Code   RO         4267    .ARM.Collect$$libinit$$0000000E  c_w.l(libinit2.o)
    0x08000174   0x08000174   0x00000000   Code   RO         4270    .ARM.Collect$$libinit$$00000011  c_w.l(libinit2.o)
    0x08000174   0x08000174   0x00000000   Code   RO         4272    .ARM.Collect$$libinit$$00000013  c_w.l(libinit2.o)
    0x08000174   0x08000174   0x00000000   Code   RO         4274    .ARM.Collect$$libinit$$00000015  c_w.l(libinit2.o)
    0x08000174   0x08000174   0x00000000   Code   RO         4276    .ARM.Collect$$libinit$$00000017  c_w.l(libinit2.o)
    0x08000174   0x08000174   0x00000000   Code   RO         4278    .ARM.Collect$$libinit$$00000019  c_w.l(libinit2.o)
    0x08000174   0x08000174   0x00000000   Code   RO         4280    .ARM.Collect$$libinit$$0000001B  c_w.l(libinit2.o)
    0x08000174   0x08000174   0x00000000   Code   RO         4282    .ARM.Collect$$libinit$$0000001D  c_w.l(libinit2.o)
    0x08000174   0x08000174   0x00000000   Code   RO         4284    .ARM.Collect$$libinit$$0000001F  c_w.l(libinit2.o)
    0x08000174   0x08000174   0x00000000   Code   RO         4286    .ARM.Collect$$libinit$$00000021  c_w.l(libinit2.o)
    0x08000174   0x08000174   0x00000000   Code   RO         4288    .ARM.Collect$$libinit$$00000023  c_w.l(libinit2.o)
    0x08000174   0x08000174   0x00000004   Code   RO         4289    .ARM.Collect$$libinit$$00000024  c_w.l(libinit2.o)
    0x08000178   0x08000178   0x00000000   Code   RO         4290    .ARM.Collect$$libinit$$00000025  c_w.l(libinit2.o)
    0x08000178   0x08000178   0x00000000   Code   RO         4294    .ARM.Collect$$libinit$$0000002C  c_w.l(libinit2.o)
    0x08000178   0x08000178   0x00000000   Code   RO         4296    .ARM.Collect$$libinit$$0000002E  c_w.l(libinit2.o)
    0x08000178   0x08000178   0x00000000   Code   RO         4298    .ARM.Collect$$libinit$$00000030  c_w.l(libinit2.o)
    0x08000178   0x08000178   0x00000000   Code   RO         4300    .ARM.Collect$$libinit$$00000032  c_w.l(libinit2.o)
    0x08000178   0x08000178   0x00000002   Code   RO         4301    .ARM.Collect$$libinit$$00000033  c_w.l(libinit2.o)
    0x0800017a   0x0800017a   0x00000002   Code   RO         4426    .ARM.Collect$$libshutdown$$00000000  c_w.l(libshutdown.o)
    0x0800017c   0x0800017c   0x00000000   Code   RO         4303    .ARM.Collect$$libshutdown$$00000002  c_w.l(libshutdown2.o)
    0x0800017c   0x0800017c   0x00000004   Code   RO         4304    .ARM.Collect$$libshutdown$$00000003  c_w.l(libshutdown2.o)
    0x08000180   0x08000180   0x00000000   Code   RO         4305    .ARM.Collect$$libshutdown$$00000004  c_w.l(libshutdown2.o)
    0x08000180   0x08000180   0x00000000   Code   RO         4308    .ARM.Collect$$libshutdown$$00000007  c_w.l(libshutdown2.o)
    0x08000180   0x08000180   0x00000000   Code   RO         4311    .ARM.Collect$$libshutdown$$0000000A  c_w.l(libshutdown2.o)
    0x08000180   0x08000180   0x00000000   Code   RO         4313    .ARM.Collect$$libshutdown$$0000000C  c_w.l(libshutdown2.o)
    0x08000180   0x08000180   0x00000000   Code   RO         4316    .ARM.Collect$$libshutdown$$0000000F  c_w.l(libshutdown2.o)
    0x08000180   0x08000180   0x00000002   Code   RO         4317    .ARM.Collect$$libshutdown$$00000010  c_w.l(libshutdown2.o)
    0x08000182   0x08000182   0x00000000   Code   RO         4126    .ARM.Collect$$rtentry$$00000000  c_w.l(__rtentry.o)
    0x08000182   0x08000182   0x00000000   Code   RO         4145    .ARM.Collect$$rtentry$$00000002  c_w.l(__rtentry2.o)
    0x08000182   0x08000182   0x00000006   Code   RO         4157    .ARM.Collect$$rtentry$$00000004  c_w.l(__rtentry4.o)
    0x08000188   0x08000188   0x00000000   Code   RO         4147    .ARM.Collect$$rtentry$$00000009  c_w.l(__rtentry2.o)
    0x08000188   0x08000188   0x00000004   Code   RO         4148    .ARM.Collect$$rtentry$$0000000A  c_w.l(__rtentry2.o)
    0x0800018c   0x0800018c   0x00000000   Code   RO         4150    .ARM.Collect$$rtentry$$0000000C  c_w.l(__rtentry2.o)
    0x0800018c   0x0800018c   0x00000008   Code   RO         4151    .ARM.Collect$$rtentry$$0000000D  c_w.l(__rtentry2.o)
    0x08000194   0x08000194   0x00000002   Code   RO         4324    .ARM.Collect$$rtexit$$00000000  c_w.l(rtexit.o)
    0x08000196   0x08000196   0x00000000   Code   RO         4372    .ARM.Collect$$rtexit$$00000002  c_w.l(rtexit2.o)
    0x08000196   0x08000196   0x00000004   Code   RO         4373    .ARM.Collect$$rtexit$$00000003  c_w.l(rtexit2.o)
    0x0800019a   0x0800019a   0x00000006   Code   RO         4374    .ARM.Collect$$rtexit$$00000004  c_w.l(rtexit2.o)
    0x080001a0   0x080001a0   0x00000096   Code   RO         3999    .emb_text           port.o
    0x08000236   0x08000236   0x00000002   PAD
    0x08000238   0x08000238   0x00000000   Code   RO         4378    .emb_text           c_w.l(maybetermalloc1.o)
    0x08000238   0x08000238   0x00000040   Code   RO            4    .text               startup_stm32f103xb.o
    0x08000278   0x08000278   0x00000018   Code   RO         4084    .text               c_w.l(noretval__2printf.o)
    0x08000290   0x08000290   0x00000028   Code   RO         4086    .text               c_w.l(noretval__2sprintf.o)
    0x080002b8   0x080002b8   0x00000068   Code   RO         4088    .text               c_w.l(__printf.o)
    0x08000320   0x08000320   0x00000078   Code   RO         4090    .text               c_w.l(_printf_dec.o)
    0x08000398   0x08000398   0x0000008a   Code   RO         4114    .text               c_w.l(rt_memcpy_v6.o)
    0x08000422   0x08000422   0x00000064   Code   RO         4116    .text               c_w.l(rt_memcpy_w.o)
    0x08000486   0x08000486   0x0000004e   Code   RO         4120    .text               c_w.l(rt_memclr_w.o)
    0x080004d4   0x080004d4   0x00000006   Code   RO         4122    .text               c_w.l(heapauxi.o)
    0x080004da   0x080004da   0x000000b2   Code   RO         4127    .text               c_w.l(_printf_intcommon.o)
    0x0800058c   0x0800058c   0x00000030   Code   RO         4129    .text               c_w.l(_printf_char_common.o)
    0x080005bc   0x080005bc   0x0000000a   Code   RO         4131    .text               c_w.l(_sputc.o)
    0x080005c6   0x080005c6   0x00000002   PAD
    0x080005c8   0x080005c8   0x00000024   Code   RO         4133    .text               c_w.l(_printf_char_file.o)
    0x080005ec   0x080005ec   0x00000008   Code   RO         4161    .text               c_w.l(ferror.o)
    0x080005f4   0x080005f4   0x00000138   Code   RO         4163    .text               c_w.l(initio.o)
    0x0800072c   0x0800072c   0x00000066   Code   RO         4169    .text               c_w.l(sys_io.o)
    0x08000792   0x08000792   0x0000004a   Code   RO         4176    .text               c_w.l(sys_stackheap_outer.o)
    0x080007dc   0x080007dc   0x0000004e   Code   RO         4180    .text               c_w.l(h1_free.o)
    0x0800082a   0x0800082a   0x00000046   Code   RO         4234    .text               c_w.l(setvbuf.o)
    0x08000870   0x08000870   0x000000ec   Code   RO         4237    .text               c_w.l(fopen.o)
    0x0800095c   0x0800095c   0x0000004c   Code   RO         4239    .text               c_w.l(fclose.o)
    0x080009a8   0x080009a8   0x00000012   Code   RO         4245    .text               c_w.l(exit.o)
    0x080009ba   0x080009ba   0x0000000e   Code   RO         4247    .text               c_w.l(defsig_rtred_outer.o)
    0x080009c8   0x080009c8   0x00000008   Code   RO         4318    .text               c_w.l(libspace.o)
    0x080009d0   0x080009d0   0x00000002   Code   RO         4321    .text               c_w.l(use_no_semi.o)
    0x080009d2   0x080009d2   0x00000000   Code   RO         4323    .text               c_w.l(indicate_semi.o)
    0x080009d2   0x080009d2   0x00000002   PAD
    0x080009d4   0x080009d4   0x00000008   Code   RO         4331    .text               c_w.l(rt_heap_descriptor_intlibspace.o)
    0x080009dc   0x080009dc   0x00000004   Code   RO         4333    .text               c_w.l(hguard.o)
    0x080009e0   0x080009e0   0x0000008a   Code   RO         4335    .text               c_w.l(init_alloc.o)
    0x08000a6a   0x08000a6a   0x0000005e   Code   RO         4341    .text               c_w.l(h1_alloc.o)
    0x08000ac8   0x08000ac8   0x000000f8   Code   RO         4355    .text               c_w.l(fseek.o)
    0x08000bc0   0x08000bc0   0x000000f0   Code   RO         4357    .text               c_w.l(stdio.o)
    0x08000cb0   0x08000cb0   0x0000000a   Code   RO         4359    .text               c_w.l(defsig_exit.o)
    0x08000cba   0x08000cba   0x00000002   PAD
    0x08000cbc   0x08000cbc   0x00000034   Code   RO         4361    .text               c_w.l(defsig_rtred_inner.o)
    0x08000cf0   0x08000cf0   0x0000003e   Code   RO         4363    .text               c_w.l(strlen.o)
    0x08000d2e   0x08000d2e   0x00000002   PAD
    0x08000d30   0x08000d30   0x0000000c   Code   RO         4369    .text               c_w.l(sys_exit.o)
    0x08000d3c   0x08000d3c   0x0000000e   Code   RO         4380    .text               c_w.l(h1_init.o)
    0x08000d4a   0x08000d4a   0x00000034   Code   RO         4382    .text               c_w.l(h1_extend.o)
    0x08000d7e   0x08000d7e   0x00000042   Code   RO         4388    .text               c_w.l(ftell.o)
    0x08000dc0   0x08000dc0   0x00000032   Code   RO         4392    .text               c_w.l(defsig_general.o)
    0x08000df2   0x08000df2   0x0000000e   Code   RO         4394    .text               c_w.l(defsig_rtmem_outer.o)
    0x08000e00   0x08000e00   0x0000000e   Code   RO         4407    .text               c_w.l(sys_wrch.o)
    0x08000e0e   0x08000e0e   0x00000002   PAD
    0x08000e10   0x08000e10   0x00000008   Code   RO         4414    .text               c_w.l(rt_errno_addr_intlibspace.o)
    0x08000e18   0x08000e18   0x00000050   Code   RO         4420    .text               c_w.l(defsig_rtmem_inner.o)
    0x08000e68   0x08000e68   0x00000002   Code   RO          288    i.BusFault_Handler  stm32f1xx_it.o
    0x08000e6a   0x08000e6a   0x00000002   PAD
    0x08000e6c   0x08000e6c   0x00000030   Code   RO           13    i.ButtonTask        main.o
    0x08000e9c   0x08000e9c   0x00000054   Code   RO           14    i.DHTTask           main.o
    0x08000ef0   0x08000ef0   0x00000002   Code   RO          289    i.DebugMon_Handler  stm32f1xx_it.o
    0x08000ef2   0x08000ef2   0x00000046   Code   RO          848    i.HAL_DMA_Abort     stm32f1xx_hal_dma.o
    0x08000f38   0x08000f38   0x00000098   Code   RO          849    i.HAL_DMA_Abort_IT  stm32f1xx_hal_dma.o
    0x08000fd0   0x08000fd0   0x000001e0   Code   RO          784    i.HAL_GPIO_Init     stm32f1xx_hal_gpio.o
    0x080011b0   0x080011b0   0x0000000c   Code   RO          480    i.HAL_GetTick       stm32f1xx_hal.o
    0x080011bc   0x080011bc   0x00000010   Code   RO          486    i.HAL_IncTick       stm32f1xx_hal.o
    0x080011cc   0x080011cc   0x00000024   Code   RO          487    i.HAL_Init          stm32f1xx_hal.o
    0x080011f0   0x080011f0   0x00000098   Code   RO          394    i.HAL_InitTick      stm32f1xx_hal_timebase_tim.o
    0x08001288   0x08001288   0x00000048   Code   RO          358    i.HAL_MspInit       stm32f1xx_hal_msp.o
    0x080012d0   0x080012d0   0x0000001a   Code   RO          944    i.HAL_NVIC_EnableIRQ  stm32f1xx_hal_cortex.o
    0x080012ea   0x080012ea   0x00000002   PAD
    0x080012ec   0x080012ec   0x00000040   Code   RO          950    i.HAL_NVIC_SetPriority  stm32f1xx_hal_cortex.o
    0x0800132c   0x0800132c   0x00000024   Code   RO          951    i.HAL_NVIC_SetPriorityGrouping  stm32f1xx_hal_cortex.o
    0x08001350   0x08001350   0x0000012c   Code   RO          644    i.HAL_RCC_ClockConfig  stm32f1xx_hal_rcc.o
    0x0800147c   0x0800147c   0x00000040   Code   RO          648    i.HAL_RCC_GetClockConfig  stm32f1xx_hal_rcc.o
    0x080014bc   0x080014bc   0x00000020   Code   RO          651    i.HAL_RCC_GetPCLK1Freq  stm32f1xx_hal_rcc.o
    0x080014dc   0x080014dc   0x00000020   Code   RO          652    i.HAL_RCC_GetPCLK2Freq  stm32f1xx_hal_rcc.o
    0x080014fc   0x080014fc   0x0000006c   Code   RO          653    i.HAL_RCC_GetSysClockFreq  stm32f1xx_hal_rcc.o
    0x08001568   0x08001568   0x00000320   Code   RO          656    i.HAL_RCC_OscConfig  stm32f1xx_hal_rcc.o
    0x08001888   0x08001888   0x00000002   Code   RO         2150    i.HAL_TIMEx_BreakCallback  stm32f1xx_hal_tim_ex.o
    0x0800188a   0x0800188a   0x00000002   Code   RO         2151    i.HAL_TIMEx_CommutCallback  stm32f1xx_hal_tim_ex.o
    0x0800188c   0x0800188c   0x0000005a   Code   RO         1446    i.HAL_TIM_Base_Init  stm32f1xx_hal_tim.o
    0x080018e6   0x080018e6   0x00000002   Code   RO         1448    i.HAL_TIM_Base_MspInit  stm32f1xx_hal_tim.o
    0x080018e8   0x080018e8   0x00000058   Code   RO         1451    i.HAL_TIM_Base_Start_IT  stm32f1xx_hal_tim.o
    0x08001940   0x08001940   0x00000002   Code   RO         1480    i.HAL_TIM_IC_CaptureCallback  stm32f1xx_hal_tim.o
    0x08001942   0x08001942   0x00000166   Code   RO         1494    i.HAL_TIM_IRQHandler  stm32f1xx_hal_tim.o
    0x08001aa8   0x08001aa8   0x00000002   Code   RO         1497    i.HAL_TIM_OC_DelayElapsedCallback  stm32f1xx_hal_tim.o
    0x08001aaa   0x08001aaa   0x00000002   Code   RO         1524    i.HAL_TIM_PWM_PulseFinishedCallback  stm32f1xx_hal_tim.o
    0x08001aac   0x08001aac   0x00000014   Code   RO           17    i.HAL_TIM_PeriodElapsedCallback  main.o
    0x08001ac0   0x08001ac0   0x00000002   Code   RO         1537    i.HAL_TIM_TriggerCallback  stm32f1xx_hal_tim.o
    0x08001ac2   0x08001ac2   0x00000002   Code   RO         2428    i.HAL_UARTEx_RxEventCallback  stm32f1xx_hal_uart.o
    0x08001ac4   0x08001ac4   0x00000002   Code   RO         2442    i.HAL_UART_ErrorCallback  stm32f1xx_hal_uart.o
    0x08001ac6   0x08001ac6   0x00000002   PAD
    0x08001ac8   0x08001ac8   0x0000020c   Code   RO         2445    i.HAL_UART_IRQHandler  stm32f1xx_hal_uart.o
    0x08001cd4   0x08001cd4   0x00000062   Code   RO         2446    i.HAL_UART_Init     stm32f1xx_hal_uart.o
    0x08001d36   0x08001d36   0x00000002   PAD
    0x08001d38   0x08001d38   0x00000080   Code   RO          360    i.HAL_UART_MspInit  stm32f1xx_hal_msp.o
    0x08001db8   0x08001db8   0x0000002a   Code   RO         2451    i.HAL_UART_Receive_IT  stm32f1xx_hal_uart.o
    0x08001de2   0x08001de2   0x00000002   PAD
    0x08001de4   0x08001de4   0x0000005c   Code   RO           18    i.HAL_UART_RxCpltCallback  main.o
    0x08001e40   0x08001e40   0x000000b2   Code   RO         2454    i.HAL_UART_Transmit  stm32f1xx_hal_uart.o
    0x08001ef2   0x08001ef2   0x00000002   Code   RO         2457    i.HAL_UART_TxCpltCallback  stm32f1xx_hal_uart.o
    0x08001ef4   0x08001ef4   0x00000044   Code   RO           19    i.HCSR04Task        main.o
    0x08001f38   0x08001f38   0x00000002   Code   RO          290    i.HardFault_Handler  stm32f1xx_it.o
    0x08001f3a   0x08001f3a   0x00000002   PAD
    0x08001f3c   0x08001f3c   0x00000024   Code   RO           20    i.LCDTask           main.o
    0x08001f60   0x08001f60   0x00000002   Code   RO          291    i.MemManage_Handler  stm32f1xx_it.o
    0x08001f62   0x08001f62   0x00000002   Code   RO          292    i.NMI_Handler       stm32f1xx_it.o
    0x08001f64   0x08001f64   0x0000002c   Code   RO         4000    i.SysTick_Handler   port.o
    0x08001f90   0x08001f90   0x0000005e   Code   RO           21    i.SystemClock_Config  main.o
    0x08001fee   0x08001fee   0x00000002   Code   RO         2775    i.SystemInit        system_stm32f1xx.o
    0x08001ff0   0x08001ff0   0x0000000c   Code   RO          293    i.TIM4_IRQHandler   stm32f1xx_it.o
    0x08001ffc   0x08001ffc   0x0000006c   Code   RO         1539    i.TIM_Base_SetConfig  stm32f1xx_hal_tim.o
    0x08002068   0x08002068   0x00000030   Code   RO           22    i.UARTTask          main.o
    0x08002098   0x08002098   0x00000010   Code   RO         2459    i.UART_DMAAbortOnError  stm32f1xx_hal_uart.o
    0x080020a8   0x080020a8   0x00000030   Code   RO         2469    i.UART_EndRxTransfer  stm32f1xx_hal_uart.o
    0x080020d8   0x080020d8   0x000000b6   Code   RO         2471    i.UART_Receive_IT   stm32f1xx_hal_uart.o
    0x0800218e   0x0800218e   0x00000002   PAD
    0x08002190   0x08002190   0x000000b8   Code   RO         2472    i.UART_SetConfig    stm32f1xx_hal_uart.o
    0x08002248   0x08002248   0x00000036   Code   RO         2474    i.UART_Start_Receive_IT  stm32f1xx_hal_uart.o
    0x0800227e   0x0800227e   0x00000064   Code   RO         2475    i.UART_WaitOnFlagUntilTimeout  stm32f1xx_hal_uart.o
    0x080022e2   0x080022e2   0x00000002   PAD
    0x080022e4   0x080022e4   0x0000000c   Code   RO          294    i.USART1_IRQHandler  stm32f1xx_it.o
    0x080022f0   0x080022f0   0x000000d8   Code   RO           23    i.Uart_ThresholdTask  main.o
    0x080023c8   0x080023c8   0x00000002   Code   RO          295    i.UsageFault_Handler  stm32f1xx_it.o
    0x080023ca   0x080023ca   0x00000020   Code   RO          957    i.__NVIC_SetPriority  stm32f1xx_hal_cortex.o
    0x080023ea   0x080023ea   0x00000002   PAD
    0x080023ec   0x080023ec   0x00000018   Code   RO           24    i.fputc             main.o
    0x08002404   0x08002404   0x0000000c   Code   RO         3569    i.inHandlerMode     cmsis_os.o
    0x08002410   0x08002410   0x00000140   Code   RO           25    i.main              main.o
    0x08002550   0x08002550   0x0000000c   Code   RO         3571    i.makeFreeRtosPriority  cmsis_os.o
    0x0800255c   0x0800255c   0x0000000a   Code   RO         3576    i.osKernelStart     cmsis_os.o
    0x08002566   0x08002566   0x0000000c   Code   RO         3578    i.osMailAlloc       cmsis_os.o
    0x08002572   0x08002572   0x00000002   PAD
    0x08002574   0x08002574   0x0000005c   Code   RO         3580    i.osMailCreate      cmsis_os.o
    0x080025d0   0x080025d0   0x0000000c   Code   RO         3581    i.osMailFree        cmsis_os.o
    0x080025dc   0x080025dc   0x00000090   Code   RO         3582    i.osMailGet         cmsis_os.o
    0x0800266c   0x0800266c   0x0000005c   Code   RO         3583    i.osMailPut         cmsis_os.o
    0x080026c8   0x080026c8   0x0000006a   Code   RO         3595    i.osPoolAlloc       cmsis_os.o
    0x08002732   0x08002732   0x0000005e   Code   RO         3597    i.osPoolCreate      cmsis_os.o
    0x08002790   0x08002790   0x00000030   Code   RO         3598    i.osPoolFree        cmsis_os.o
    0x080027c0   0x080027c0   0x00000054   Code   RO         3610    i.osThreadCreate    cmsis_os.o
    0x08002814   0x08002814   0x00000070   Code   RO         3268    i.prvAddCurrentTaskToDelayedList  tasks.o
    0x08002884   0x08002884   0x000000d0   Code   RO         3269    i.prvAddNewTaskToReadyList  tasks.o
    0x08002954   0x08002954   0x00000026   Code   RO         2953    i.prvCopyDataFromQueue  queue.o
    0x0800297a   0x0800297a   0x0000006c   Code   RO         2954    i.prvCopyDataToQueue  queue.o
    0x080029e6   0x080029e6   0x00000034   Code   RO         3270    i.prvDeleteTCB      tasks.o
    0x08002a1a   0x08002a1a   0x00000002   PAD
    0x08002a1c   0x08002a1c   0x0000004c   Code   RO         3938    i.prvHeapInit       heap_4.o
    0x08002a68   0x08002a68   0x00000060   Code   RO         3271    i.prvIdleTask       tasks.o
    0x08002ac8   0x08002ac8   0x00000016   Code   RO         2956    i.prvInitialiseNewQueue  queue.o
    0x08002ade   0x08002ade   0x0000008e   Code   RO         3272    i.prvInitialiseNewTask  tasks.o
    0x08002b6c   0x08002b6c   0x0000004c   Code   RO         3939    i.prvInsertBlockIntoFreeList  heap_4.o
    0x08002bb8   0x08002bb8   0x0000001c   Code   RO         2957    i.prvIsQueueEmpty   queue.o
    0x08002bd4   0x08002bd4   0x00000020   Code   RO         3273    i.prvResetNextTaskUnblockTime  tasks.o
    0x08002bf4   0x08002bf4   0x00000028   Code   RO         4001    i.prvTaskExitError  port.o
    0x08002c1c   0x08002c1c   0x00000034   Code   RO         3274    i.prvTaskIsTaskSuspended  tasks.o
    0x08002c50   0x08002c50   0x0000006a   Code   RO         2958    i.prvUnlockQueue    queue.o
    0x08002cba   0x08002cba   0x00000002   PAD
    0x08002cbc   0x08002cbc   0x000000d8   Code   RO         3940    i.pvPortMalloc      heap_4.o
    0x08002d94   0x08002d94   0x00000024   Code   RO         4002    i.pxPortInitialiseStack  port.o
    0x08002db8   0x08002db8   0x00000026   Code   RO         2913    i.uxListRemove      list.o
    0x08002dde   0x08002dde   0x00000002   PAD
    0x08002de0   0x08002de0   0x00000014   Code   RO          254    i.vApplicationGetIdleTaskMemory  freertos.o
    0x08002df4   0x08002df4   0x00000016   Code   RO         2914    i.vListInitialise   list.o
    0x08002e0a   0x08002e0a   0x00000006   Code   RO         2915    i.vListInitialiseItem  list.o
    0x08002e10   0x08002e10   0x00000030   Code   RO         2916    i.vListInsert       list.o
    0x08002e40   0x08002e40   0x00000018   Code   RO         2917    i.vListInsertEnd    list.o
    0x08002e58   0x08002e58   0x00000040   Code   RO         4004    i.vPortEnterCritical  port.o
    0x08002e98   0x08002e98   0x00000028   Code   RO         4005    i.vPortExitCritical  port.o
    0x08002ec0   0x08002ec0   0x0000005c   Code   RO         3941    i.vPortFree         heap_4.o
    0x08002f1c   0x08002f1c   0x00000024   Code   RO         4006    i.vPortSetupTimerInterrupt  port.o
    0x08002f40   0x08002f40   0x00000054   Code   RO         4007    i.vPortValidateInterruptPriority  port.o
    0x08002f94   0x08002f94   0x00000010   Code   RO         3284    i.vTaskInternalSetTimeOutState  tasks.o
    0x08002fa4   0x08002fa4   0x0000000c   Code   RO         3285    i.vTaskMissedYield  tasks.o
    0x08002fb0   0x08002fb0   0x00000030   Code   RO         3287    i.vTaskPlaceOnEventList  tasks.o
    0x08002fe0   0x08002fe0   0x0000006c   Code   RO         3294    i.vTaskStartScheduler  tasks.o
    0x0800304c   0x0800304c   0x000000bc   Code   RO         3295    i.vTaskSuspend      tasks.o
    0x08003108   0x08003108   0x00000010   Code   RO         3296    i.vTaskSuspendAll   tasks.o
    0x08003118   0x08003118   0x0000005c   Code   RO         3297    i.vTaskSwitchContext  tasks.o
    0x08003174   0x08003174   0x000000a8   Code   RO         4008    i.xPortStartScheduler  port.o
    0x0800321c   0x0800321c   0x00000048   Code   RO         2967    i.xQueueGenericCreate  queue.o
    0x08003264   0x08003264   0x00000088   Code   RO         2969    i.xQueueGenericReset  queue.o
    0x080032ec   0x080032ec   0x00000160   Code   RO         2970    i.xQueueGenericSend  queue.o
    0x0800344c   0x0800344c   0x000000bc   Code   RO         2971    i.xQueueGenericSendFromISR  queue.o
    0x08003508   0x08003508   0x00000138   Code   RO         2977    i.xQueueReceive     queue.o
    0x08003640   0x08003640   0x0000009a   Code   RO         2978    i.xQueueReceiveFromISR  queue.o
    0x080036da   0x080036da   0x00000002   PAD
    0x080036dc   0x080036dc   0x00000074   Code   RO         3298    i.xTaskCheckForTimeOut  tasks.o
    0x08003750   0x08003750   0x0000005a   Code   RO         3299    i.xTaskCreate       tasks.o
    0x080037aa   0x080037aa   0x00000056   Code   RO         3300    i.xTaskCreateStatic  tasks.o
    0x08003800   0x08003800   0x0000001c   Code   RO         3304    i.xTaskGetSchedulerState  tasks.o
    0x0800381c   0x0800381c   0x0000000c   Code   RO         3305    i.xTaskGetTickCount  tasks.o
    0x08003828   0x08003828   0x000000c8   Code   RO         3307    i.xTaskIncrementTick  tasks.o
    0x080038f0   0x080038f0   0x00000098   Code   RO         3310    i.xTaskPriorityDisinherit  tasks.o
    0x08003988   0x08003988   0x00000074   Code   RO         3312    i.xTaskRemoveFromEventList  tasks.o
    0x080039fc   0x080039fc   0x000000c4   Code   RO         3313    i.xTaskResumeAll    tasks.o
    0x08003ac0   0x08003ac0   0x00000088   Code   RO         3314    i.xTaskResumeFromISR  tasks.o
    0x08003b48   0x08003b48   0x000000da   Data   RO           28    .constdata          main.o
    0x08003c22   0x08003c22   0x00000010   Data   RO         2776    .constdata          system_stm32f1xx.o
    0x08003c32   0x08003c32   0x00000008   Data   RO         2777    .constdata          system_stm32f1xx.o
    0x08003c3a   0x08003c3a   0x00000004   Data   RO         4170    .constdata          c_w.l(sys_io.o)
    0x08003c3e   0x08003c3e   0x00000004   Data   RO         4171    .constdata          c_w.l(sys_io.o)
    0x08003c42   0x08003c42   0x00000004   Data   RO         4172    .constdata          c_w.l(sys_io.o)
    0x08003c46   0x08003c46   0x00000002   PAD
    0x08003c48   0x08003c48   0x00000071   Data   RO           29    .conststring        main.o
    0x08003cb9   0x08003cb9   0x00000003   PAD
    0x08003cbc   0x08003cbc   0x00000020   Data   RO         4445    Region$$Table       anon$$obj.o


    Execution Region RW_IRAM1 (Exec base: 0x20000000, Load base: 0x08003cdc, Size: 0x000017f8, Max: 0x00005000, ABSOLUTE)

    Exec Addr    Load Addr    Size         Type   Attr      Idx    E Section Name        Object

    0x20000000   0x08003cdc   0x00000028   Data   RW           30    .data               main.o
    0x20000028   0x08003d04   0x0000000c   Data   RW          494    .data               stm32f1xx_hal.o
    0x20000034   0x08003d10   0x00000004   Data   RW         2778    .data               system_stm32f1xx.o
    0x20000038   0x08003d14   0x0000003c   Data   RW         3316    .data               tasks.o
    0x20000074   0x08003d50   0x00000018   Data   RW         3946    .data               heap_4.o
    0x2000008c   0x08003d68   0x0000000c   Data   RW         4009    .data               port.o
    0x20000098   0x08003d74   0x00000004   Data   RW         4139    .data               c_w.l(stdio_streams.o)
    0x2000009c   0x08003d78   0x00000004   Data   RW         4140    .data               c_w.l(stdio_streams.o)
    0x200000a0   0x08003d7c   0x00000004   Data   RW         4141    .data               c_w.l(stdio_streams.o)
    0x200000a4        -       0x00000068   Zero   RW           27    .bss                main.o
    0x2000010c        -       0x00000254   Zero   RW          255    .bss                freertos.o
    0x20000360        -       0x00000048   Zero   RW          397    .bss                stm32f1xx_hal_timebase_tim.o
    0x200003a8        -       0x000000f0   Zero   RW         3315    .bss                tasks.o
    0x20000498        -       0x00000c00   Zero   RW         3945    .bss                heap_4.o
    0x20001098        -       0x00000054   Zero   RW         4136    .bss                c_w.l(stdio_streams.o)
    0x200010ec        -       0x00000054   Zero   RW         4137    .bss                c_w.l(stdio_streams.o)
    0x20001140        -       0x00000054   Zero   RW         4138    .bss                c_w.l(stdio_streams.o)
    0x20001194        -       0x00000060   Zero   RW         4319    .bss                c_w.l(libspace.o)
    0x200011f4   0x08003d80   0x00000004   PAD
    0x200011f8        -       0x00000200   Zero   RW            2    HEAP                startup_stm32f103xb.o
    0x200013f8        -       0x00000400   Zero   RW            1    STACK               startup_stm32f103xb.o


==============================================================================

Image component sizes


      Code (inc. data)   RO Data    RW Data    ZI Data      Debug   Object Name

       718          8          0          0          0      32081   cmsis_os.o
         0          0          0          0          0      18212   event_groups.o
        20          4          0          0        596       1244   freertos.o
       460         24          0         24       3072       7255   heap_4.o
       138          0          0          0          0       3414   list.o
      1050        196        331         40        104     466804   main.o
       662         70          0         12          0      11197   port.o
      1516         14          0          0          0      13917   queue.o
        64         26        236          0       1536        812   startup_stm32f103xb.o
        64         14          0         12          0       4654   stm32f1xx_hal.o
       158         14          0          0          0      28202   stm32f1xx_hal_cortex.o
       222          4          0          0          0       1779   stm32f1xx_hal_dma.o
       480         34          0          0          0       2268   stm32f1xx_hal_gpio.o
       200         22          0          0          0       1577   stm32f1xx_hal_msp.o
      1336        110          0          0          0       5841   stm32f1xx_hal_rcc.o
       654         26          0          0          0       7052   stm32f1xx_hal_tim.o
         4          0          0          0          0       1561   stm32f1xx_hal_tim_ex.o
       152         20          0          0         72       1487   stm32f1xx_hal_timebase_tim.o
      1432         10          0          0          0      10564   stm32f1xx_hal_uart.o
        36         12          0          0          0       3479   stm32f1xx_it.o
         0          0          0          0          0        392   stream_buffer.o
         2          0         24          4          0       1127   system_stm32f1xx.o
      2306        170          0         60        240      24125   tasks.o

    ----------------------------------------------------------------------
     11704        778        626        152       5620     649044   Object Totals
         0          0         32          0          0          0   (incl. Generated)
        30          0          3          0          0          0   (incl. Padding)

    ----------------------------------------------------------------------

      Code (inc. data)   RO Data    RW Data    ZI Data      Debug   Library Member Name

         8          0          0          0          0         68   __main.o
       104          0          0          0          0         84   __printf.o
         0          0          0          0          0          0   __rtentry.o
        12          0          0          0          0          0   __rtentry2.o
         6          0          0          0          0          0   __rtentry4.o
        52          8          0          0          0          0   __scatter.o
        26          0          0          0          0          0   __scatter_copy.o
        28          0          0          0          0          0   __scatter_zi.o
        48          6          0          0          0         96   _printf_char_common.o
        36          4          0          0          0         80   _printf_char_file.o
         6          0          0          0          0          0   _printf_d.o
       120         16          0          0          0         92   _printf_dec.o
       178          0          0          0          0         88   _printf_intcommon.o
         0          0          0          0          0          0   _printf_percent.o
         4          0          0          0          0          0   _printf_percent_end.o
        10          0          0          0          0         68   _sputc.o
        10          0          0          0          0         68   defsig_exit.o
        50          0          0          0          0         88   defsig_general.o
        80         58          0          0          0         76   defsig_rtmem_inner.o
        14          0          0          0          0         80   defsig_rtmem_outer.o
        52         38          0          0          0         76   defsig_rtred_inner.o
        14          0          0          0          0         80   defsig_rtred_outer.o
        18          0          0          0          0         80   exit.o
        76          0          0          0          0         88   fclose.o
         8          0          0          0          0         68   ferror.o
       236          4          0          0          0        128   fopen.o
       248          6          0          0          0         84   fseek.o
        66          0          0          0          0         76   ftell.o
        94          0          0          0          0         80   h1_alloc.o
        52          0          0          0          0         68   h1_extend.o
        78          0          0          0          0         80   h1_free.o
        14          0          0          0          0         84   h1_init.o
         6          0          0          0          0        152   heapauxi.o
         4          0          0          0          0        136   hguard.o
         0          0          0          0          0          0   indicate_semi.o
       138          0          0          0          0        168   init_alloc.o
       312         46          0          0          0        112   initio.o
         2          0          0          0          0          0   libinit.o
        14          0          0          0          0          0   libinit2.o
         2          0          0          0          0          0   libshutdown.o
         6          0          0          0          0          0   libshutdown2.o
         8          4          0          0         96         68   libspace.o
         0          0          0          0          0          0   maybetermalloc1.o
        24          4          0          0          0         84   noretval__2printf.o
        40          6          0          0          0         84   noretval__2sprintf.o
         8          4          0          0          0         68   rt_errno_addr_intlibspace.o
         8          4          0          0          0         68   rt_heap_descriptor_intlibspace.o
        78          0          0          0          0         80   rt_memclr_w.o
       138          0          0          0          0         68   rt_memcpy_v6.o
       100          0          0          0          0         80   rt_memcpy_w.o
         2          0          0          0          0          0   rtexit.o
        10          0          0          0          0          0   rtexit2.o
        70          0          0          0          0         80   setvbuf.o
       240          6          0          0          0        156   stdio.o
         0          0          0         12        252          0   stdio_streams.o
        62          0          0          0          0         76   strlen.o
        12          4          0          0          0         68   sys_exit.o
       102          0         12          0          0        240   sys_io.o
        74          0          0          0          0         80   sys_stackheap_outer.o
        14          0          0          0          0         76   sys_wrch.o
         2          0          0          0          0         68   use_no_semi.o

    ----------------------------------------------------------------------
      3236        218         14         12        352       3892   Library Totals
        12          0          2          0          4          0   (incl. Padding)

    ----------------------------------------------------------------------

      Code (inc. data)   RO Data    RW Data    ZI Data      Debug   Library Name

      3224        218         12         12        348       3892   c_w.l

    ----------------------------------------------------------------------
      3236        218         14         12        352       3892   Library Totals

    ----------------------------------------------------------------------

==============================================================================


      Code (inc. data)   RO Data    RW Data    ZI Data      Debug   

     14940        996        640        164       5972     644404   Grand Totals
     14940        996        640        164       5972     644404   ELF Image Totals
     14940        996        640        164          0          0   ROM Totals

==============================================================================

    Total RO  Size (Code + RO Data)                15580 (  15.21kB)
    Total RW  Size (RW Data + ZI Data)              6136 (   5.99kB)
    Total ROM Size (Code + RO Data + RW Data)      15744 (  15.38kB)

==============================================================================

