<html>
<body>
<pre>
<h1>µVision Build Log</h1>
<h2>Tool Versions:</h2>
IDE-Version: µVision V5.28.0.0
Copyright (C) 2019 ARM Ltd and ARM Germany GmbH. All rights reserved.
License Information: Khanh Dinh, Teoth3004, LIC=D0DAR-KPC9Y-VEUHA-19MLR-MD3AF-4YKID
 
Tool Versions:
Toolchain:       MDK-ARM Plus  Version: 5.28.0.0
Toolchain Path:  E:\Keilc V5\ARM\ARMCC\Bin
C Compiler:      Armcc.exe V5.06 update 6 (build 750)
Assembler:       Armasm.exe V5.06 update 6 (build 750)
Linker/Locator:  ArmLink.exe V5.06 update 6 (build 750)
Library Manager: ArmAr.exe V5.06 update 6 (build 750)
Hex Converter:   FromElf.exe V5.06 update 6 (build 750)
CPU DLL:         SARMCM3.DLL V5.28.0.0
Dialog DLL:      DCM.DLL V1.17.3.0
Target DLL:      STLink\ST-LINKIII-KEIL_SWO.dll V3.0.6.0
Dialog DLL:      TCM.DLL V1.36.2.0
 
<h2>Project:</h2>
F:\Desktop\Thiet_ke_he_thong_nhung\Final\1-Check-Final\MDK-ARM\1-Check-Final.uvprojx
Project File Date:  03/07/2023

<h2>Output:</h2>
*** Using Compiler 'V5.06 update 6 (build 750)', folder: 'E:\Keilc V5\ARM\ARMCC\Bin'
Rebuild target '1-Check-Final'
assembling startup_stm32f103xb.s...
compiling stm32f1xx_it.c...
compiling freertos.c...
compiling main.c...
../Core/Src/main.c(316): warning:  #177-D: variable "ISR_data"  was declared but never referenced
    char ISR_data[14] = "Hello DevIoT";
../Core/Src/main.c(355): warning:  #550-D: variable "temp"  was set but never used
      uint8_t temp, humi, dist;
../Core/Src/main.c(355): warning:  #550-D: variable "humi"  was set but never used
      uint8_t temp, humi, dist;
../Core/Src/main.c(355): warning:  #550-D: variable "dist"  was set but never used
      uint8_t temp, humi, dist;
../Core/Src/main.c(416): warning:  #550-D: variable "Frequency_Temp"  was set but never used
    uint8_t Frequency_Temp = 100;
../Core/Src/main.c(417): warning:  #550-D: variable "Frequency_Humi"  was set but never used
    uint8_t Frequency_Humi = 100;
../Core/Src/main.c(420): warning:  #550-D: variable "Threshold_Temp"  was set but never used
    uint8_t Threshold_Temp = 100;
../Core/Src/main.c(421): warning:  #550-D: variable "Threshold_Humi"  was set but never used
    uint8_t Threshold_Humi = 100;
../Core/Src/main.c(422): warning:  #550-D: variable "Threshold_Dist"  was set but never used
    uint8_t Threshold_Dist = 100;
../Core/Src/main.c: 9 warnings, 0 errors
compiling stm32f1xx_hal_gpio_ex.c...
compiling stm32f1xx_hal_timebase_tim.c...
compiling stm32f1xx_hal_msp.c...
compiling stm32f1xx_hal.c...
compiling stm32f1xx_hal_rcc_ex.c...
compiling stm32f1xx_hal_rcc.c...
compiling stm32f1xx_hal_gpio.c...
compiling stm32f1xx_hal_cortex.c...
compiling stm32f1xx_hal_dma.c...
compiling stm32f1xx_hal_flash_ex.c...
compiling stm32f1xx_hal_pwr.c...
compiling stm32f1xx_hal_flash.c...
compiling stm32f1xx_hal_exti.c...
compiling stm32f1xx_hal_tim_ex.c...
compiling stm32f1xx_hal_tim.c...
compiling croutine.c...
compiling event_groups.c...
compiling list.c...
compiling queue.c...
compiling stream_buffer.c...
compiling stm32f1xx_hal_uart.c...
compiling system_stm32f1xx.c...
compiling timers.c...
compiling heap_4.c...
compiling tasks.c...
compiling port.c...
compiling cmsis_os.c...
linking...
Program Size: Code=14940 RO-data=640 RW-data=164 ZI-data=5972  
FromELF: creating hex file...
"1-Check-Final\1-Check-Final.axf" - 0 Error(s), 9 Warning(s).

<h2>Software Packages used:</h2>

Package Vendor: ARM
                http://www.keil.com/pack/ARM.CMSIS.5.9.0.pack
                ARM.CMSIS.5.9.0
                CMSIS (Common Microcontroller Software Interface Standard)
   * Component: CORE Version: 5.6.0

Package Vendor: Keil
                http://www.keil.com/pack/Keil.STM32F1xx_DFP.2.4.0.pack
                Keil.STM32F1xx_DFP.2.4.0
                STMicroelectronics STM32F1 Series Device Support, Drivers and Examples

<h2>Collection of Component include folders:</h2>
  .\RTE\_1-Check-Final
  E:\Keilc V5\ARM\CMSIS\5.9.0\CMSIS\Core\Include
  E:\Keilc V5\Keil\STM32F1xx_DFP\2.4.0\Device\Include

<h2>Collection of Component Files used:</h2>

   * Component: ARM::CMSIS:CORE:5.6.0
      Include file:  CMSIS\Core\Include\tz_context.h
Build Time Elapsed:  00:00:33
</pre>
</body>
</html>
